 DxGuiTestApp

 Timestamp is 3bacda72 (Sat Sep 22 11:37:38 2001)

 Preferred load address is 00400000

 Start         Length     Name                   Class
 0001:00000000 000352c4H .text                   CODE
 0001:000352d0 00001644H .text$x                 CODE
 0002:00000000 00005e49H .rdata                  DATA
 0002:00005e50 0000034cH .rdata$r                DATA
 0002:000061a0 000019b0H .xdata$x                DATA
 0002:00007b50 00000000H .edata                  DATA
 0003:00000000 00000004H .CRT$XCA                DATA
 0003:00000004 00000004H .CRT$XCU                DATA
 0003:00000008 00000004H .CRT$XCZ                DATA
 0003:0000000c 00000004H .CRT$XIA                DATA
 0003:00000010 0000000cH .CRT$XIC                DATA
 0003:0000001c 00000004H .CRT$XIY                DATA
 0003:00000020 00000004H .CRT$XIZ                DATA
 0003:00000024 00000004H .CRT$XPA                DATA
 0003:00000028 00000004H .CRT$XPX                DATA
 0003:0000002c 00000004H .CRT$XPZ                DATA
 0003:00000030 00000004H .CRT$XTA                DATA
 0003:00000034 00000004H .CRT$XTB                DATA
 0003:00000038 00000004H .CRT$XTZ                DATA
 0003:00000040 00000f70H .data                   DATA
 0003:00000fb0 000017f8H .bss                    DATA
 0004:00000000 00000050H .idata$2                DATA
 0004:00000050 00000014H .idata$3                DATA
 0004:00000064 0000018cH .idata$4                DATA
 0004:000001f0 0000018cH .idata$5                DATA
 0004:0000037c 00000694H .idata$6                DATA

  Address         Publics by Value              Rva+Base     Lib:Object

 0001:00000000       ??0BlueWindow@@QAE@XZ      00401000 f   BlueWindow.obj
 0001:00000050       ??_EBlueWindow@@UAEPAXI@Z  00401050 f i BlueWindow.obj
 0001:00000050       ??_GBlueWindow@@UAEPAXI@Z  00401050 f i BlueWindow.obj
 0001:000000b0       ??1BlueWindow@@UAE@XZ      004010b0 f   BlueWindow.obj
 0001:000000f0       ?OnCreate@BlueWindow@@MAIXXZ 004010f0 f   BlueWindow.obj
 0001:00000200       ?OnDrawWindow@BlueWindow@@MAIXPAVDGWindowSurface@@@Z 00401200 f   BlueWindow.obj
 0001:00000320       ?OnMouseEnter@BlueWindow@@MAIXHHPAE@Z 00401320 f   BlueWindow.obj
 0001:00000370       ?OnSetFocus@BlueWindow@@MAIXI@Z 00401370 f   BlueWindow.obj
 0001:000003a0       ?OnLoseFocus@BlueWindow@@MAIXI@Z 004013a0 f   BlueWindow.obj
 0001:000003d0       ??0DGRectangle@@QAE@AAV0@@Z 004013d0 f i BlueWindow.obj
 0001:00000430       ??0DGRectangle@@QAE@HHHH@Z 00401430 f i BlueWindow.obj
 0001:00000480       ??0DGColor@@QAE@EEE@Z      00401480 f i BlueWindow.obj
 0001:000004d0       ?LockSurface@DGWindowSurface@@QAIXXZ 004014d0 f i BlueWindow.obj
 0001:00000510       ?LockSurface@DGSurface@@QAIXXZ 00401510 f i BlueWindow.obj
 0001:00000550       ?UnlockSurface@DGWindowSurface@@QAIXXZ 00401550 f i BlueWindow.obj
 0001:00000590       ?UnlockSurface@DGSurface@@QAIXXZ 00401590 f i BlueWindow.obj
 0001:000005d0       ?DrawRectangle@DGWindowSurface@@QAIXVDGRectangle@@AAVDGColor@@@Z 004015d0 f i BlueWindow.obj
 0001:00000640       ?Offset@DGRectangle@@QAEXHH@Z 00401640 f i BlueWindow.obj
 0001:000006a0       ?FillSurface@DGWindowSurface@@QAIXAAVDGColor@@@Z 004016a0 f i BlueWindow.obj
 0001:000006e0       ?FillSurface@DGSurface@@QAIXAAVDGColor@@@Z 004016e0 f i BlueWindow.obj
 0001:00000730       ?GetSize@DGWindow@@QAE?AVDGPoint@@XZ 00401730 f i BlueWindow.obj
 0001:00000770       ?GetWindowID@DGWindow@@QAEIXZ 00401770 f i BlueWindow.obj
 0001:000008a0       ??1DxGuiTestApp@@UAE@XZ    004018a0 f i DxGuiTestApp.obj
 0001:000008e0       ??0DxGuiTestApp@@QAE@XZ    004018e0 f i DxGuiTestApp.obj
 0001:00000930       ??_EDxGuiTestApp@@UAEPAXI@Z 00401930 f i DxGuiTestApp.obj
 0001:00000930       ??_GDxGuiTestApp@@UAEPAXI@Z 00401930 f i DxGuiTestApp.obj
 0001:00000990       ?InitApp@DxGuiTestApp@@UAEXXZ 00401990 f   DxGuiTestApp.obj
 0001:00000af0       ??0DGPoint@@QAE@HH@Z       00401af0 f i DxGuiTestApp.obj
 0001:00000b30       ??0GreenWindow@@QAE@XZ     00401b30 f   GreenWindow.obj
 0001:00000bd0       ??_EGreenWindow@@UAEPAXI@Z 00401bd0 f i GreenWindow.obj
 0001:00000bd0       ??_GGreenWindow@@UAEPAXI@Z 00401bd0 f i GreenWindow.obj
 0001:00000c30       ??1GreenWindow@@UAE@XZ     00401c30 f i GreenWindow.obj
 0001:00000c70       ??0GreenWindow@@QAE@HHHH@Z 00401c70 f   GreenWindow.obj
 0001:00000d20       ?OnCreate@GreenWindow@@MAIXXZ 00401d20 f   GreenWindow.obj
 0001:00001000       ?OnDrawWindow@GreenWindow@@MAIXPAVDGWindowSurface@@@Z 00402000 f   GreenWindow.obj
 0001:000011f0       ?OnMouseEnter@GreenWindow@@MAIXHHPAE@Z 004021f0 f   GreenWindow.obj
 0001:00001240       ?OnSetFocus@GreenWindow@@MAIXI@Z 00402240 f   GreenWindow.obj
 0001:00001280       ?OnLoseFocus@GreenWindow@@MAIXI@Z 00402280 f   GreenWindow.obj
 0001:000012c0       ?OnLButtonDown@GreenWindow@@MAIXHHPAE@Z 004022c0 f   GreenWindow.obj
 0001:00001340       ?OnLButtonUp@GreenWindow@@MAIXHHPAE@Z 00402340 f   GreenWindow.obj
 0001:000013a0       ?OnMouseMove@GreenWindow@@MAIXHHPAE@Z 004023a0 f   GreenWindow.obj
 0001:00001480       ?OnWindowSized@GreenWindow@@MAIXXZ 00402480 f   GreenWindow.obj
 0001:000015a0       ??0DGPoint@@QAE@XZ         004025a0 f i GreenWindow.obj
 0001:000015e0       ?Offset@DGPoint@@QAEXHH@Z  004025e0 f i GreenWindow.obj
 0001:00001630       ??0DGArea@@QAE@HHHH@Z      00402630 f i GreenWindow.obj
 0001:00001680       ?GetPosition@DGWindow@@QAE?AVDGPoint@@XZ 00402680 f i GreenWindow.obj
 0001:000016c0       ?SetChildWindowDraw@DGWindow@@QAIX_N@Z 004026c0 f i GreenWindow.obj
 0001:000016f0       ??0RedWindow@@QAE@XZ       004026f0 f   RedWindow.obj
 0001:00001790       ??_ERedWindow@@UAEPAXI@Z   00402790 f i RedWindow.obj
 0001:00001790       ??_GRedWindow@@UAEPAXI@Z   00402790 f i RedWindow.obj
 0001:000017f0       ??1RedWindow@@UAE@XZ       004027f0 f i RedWindow.obj
 0001:00001870       ??0RedWindow@@QAE@HHHH@Z   00402870 f   RedWindow.obj
 0001:00001930       ?OnCreate@RedWindow@@MAIXXZ 00402930 f   RedWindow.obj
 0001:00001c90       ?OnDrawWindow@RedWindow@@MAIXPAVDGWindowSurface@@@Z 00402c90 f   RedWindow.obj
 0001:00001e80       ?OnMouseEnter@RedWindow@@MAIXHHPAE@Z 00402e80 f   RedWindow.obj
 0001:00001ed0       ?OnSetFocus@RedWindow@@MAIXI@Z 00402ed0 f   RedWindow.obj
 0001:00001f10       ?OnLoseFocus@RedWindow@@MAIXI@Z 00402f10 f   RedWindow.obj
 0001:00001f50       ?OnLButtonDown@RedWindow@@MAIXHHPAE@Z 00402f50 f   RedWindow.obj
 0001:00002020       ?OnLButtonUp@RedWindow@@MAIXHHPAE@Z 00403020 f   RedWindow.obj
 0001:00002080       ?OnMouseMove@RedWindow@@MAIXHHPAE@Z 00403080 f   RedWindow.obj
 0001:00002250       ?OnWindowSized@RedWindow@@MAIXXZ 00403250 f   RedWindow.obj
 0001:000022d0       ?OnLabelLButtonDown@RedWindow@@IAEXPAVDGMessage@@@Z 004032d0 f   RedWindow.obj
 0001:00002320       ??0?$MsgHandlerFunction@VRedWindow@@@@QAE@PAVRedWindow@@P81@AEXPAVDGMessage@@@Z@Z 00403320 f i RedWindow.obj
 0001:00002380       ??R?$MsgHandlerFunction@VRedWindow@@@@UAEXPAVDGMessage@@@Z 00403380 f i RedWindow.obj
 0001:000023d0       ?Call@?$MsgHandlerFunction@VRedWindow@@@@UAEXPAVDGMessage@@@Z 004033d0 f i RedWindow.obj
 0001:00002420       ??0MsgHandlerInterface@@QAE@XZ 00403420 f i RedWindow.obj
 0001:00002450       ??RMsgHandlerInterface@@UAEXPAVDGMessage@@@Z 00403450 f i RedWindow.obj
 0001:00002480       ?Call@MsgHandlerInterface@@UAEXPAVDGMessage@@@Z 00403480 f i RedWindow.obj
 0001:000024b0       ??0DGWindow@@QAE@I_N@Z     004034b0 f   DxGuiFramework:DGWindow.obj
 0001:00002610       ??_EDGWindow@@UAEPAXI@Z    00403610 f i DxGuiFramework:DGWindow.obj
 0001:00002610       ??_GDGWindow@@UAEPAXI@Z    00403610 f i DxGuiFramework:DGWindow.obj
 0001:00002670       ??1?$map@IPAVMsgHandlerInterface@@U?$less@I@std@@V?$allocator@PAVMsgHandlerInterface@@@3@@std@@QAE@XZ 00403670 f i DxGuiFramework:DGWindow.obj
 0001:000026b0       ??0DGWindow@@QAE@I_NABVDGArea@@@Z 004036b0 f   DxGuiFramework:DGWindow.obj
 0001:00002830       ??0DGWindow@@QAE@I_NABVDGPoint@@1@Z 00403830 f   DxGuiFramework:DGWindow.obj
 0001:000029b0       ??0DGWindow@@QAE@I_NHHHH@Z 004039b0 f   DxGuiFramework:DGWindow.obj
 0001:00002b20       ??1DGWindow@@UAE@XZ        00403b20 f   DxGuiFramework:DGWindow.obj
 0001:00002c50       ?SetPosition@DGWindow@@UAIXABVDGPoint@@@Z 00403c50 f   DxGuiFramework:DGWindow.obj
 0001:00002f00       ?SetPosition@DGWindow@@UAIXHH@Z 00403f00 f   DxGuiFramework:DGWindow.obj
 0001:000031c0       ?SetSize@DGWindow@@UAIXABVDGPoint@@@Z 004041c0 f   DxGuiFramework:DGWindow.obj
 0001:00003250       ?SetSize@DGWindow@@UAIXHH@Z 00404250 f   DxGuiFramework:DGWindow.obj
 0001:000032e0       ?SetDimensions@DGWindow@@UAIXABVDGArea@@@Z 004042e0 f   DxGuiFramework:DGWindow.obj
 0001:00003390       ?SetDimensions@DGWindow@@UAIXABVDGPoint@@0@Z 00404390 f   DxGuiFramework:DGWindow.obj
 0001:00003440       ?SetDimensions@DGWindow@@UAIXHHHH@Z 00404440 f   DxGuiFramework:DGWindow.obj
 0001:000034e0       ?HideWindow@DGWindow@@UAIXXZ 004044e0 f   DxGuiFramework:DGWindow.obj
 0001:000035b0       ?ShowWindow@DGWindow@@UAIXXZ 004045b0 f   DxGuiFramework:DGWindow.obj
 0001:00003680       ?DrawWindow@DGWindow@@UAIXXZ 00404680 f   DxGuiFramework:DGWindow.obj
 0001:000039e0       ?AddChildWindow@DGWindow@@QAIXPAV1@@Z 004049e0 f   DxGuiFramework:DGWindow.obj
 0001:00003b80       ?GetWindow@DGWindow@@QAIPAV1@I@Z 00404b80 f   DxGuiFramework:DGWindow.obj
 0001:00003c50       ?DestroyWindow@DGWindow@@QAI_NI@Z 00404c50 f   DxGuiFramework:DGWindow.obj
 0001:00003e50       ?SetTopMostChildWindow@DGWindow@@QAIXI@Z 00404e50 f   DxGuiFramework:DGWindow.obj
 0001:00003ef0       ?SendMessageA@DGWindow@@UAI_NPAVDGMessage@@@Z 00404ef0 f   DxGuiFramework:DGWindow.obj
 0001:00004130       ?SendChildMessage@DGWindow@@UAI_NPAVDGMessage@@@Z 00405130 f   DxGuiFramework:DGWindow.obj
 0001:000042b0       ?BroadcastMessage@DGWindow@@UAIXPAVDGMessage@@@Z 004052b0 f   DxGuiFramework:DGWindow.obj
 0001:00004410       ?AddMessageHandler@DGWindow@@UAIXIPAVMsgHandlerInterface@@@Z 00405410 f   DxGuiFramework:DGWindow.obj
 0001:00004480       ?RemoveMessageHandler@DGWindow@@UAIXI@Z 00405480 f   DxGuiFramework:DGWindow.obj
 0001:000044c0       ?HandleMessage@DGWindow@@UAIXPAVDGMessage@@@Z 004054c0 f   DxGuiFramework:DGWindow.obj
 0001:00004c20       ?Create@DGWindow@@UAIXXZ   00405c20 f   DxGuiFramework:DGWindow.obj
 0001:00004c80       ?Destroy@DGWindow@@UAIXXZ  00405c80 f   DxGuiFramework:DGWindow.obj
 0001:00004ce0       ?OnSetFocus@DGWindow@@MAIXI@Z 00405ce0 f   DxGuiFramework:DGWindow.obj
 0001:00004d10       ?OnLoseFocus@DGWindow@@MAIXI@Z 00405d10 f   DxGuiFramework:DGWindow.obj
 0001:00004d40       ?OnLButtonDown@DGWindow@@MAIXHHPAE@Z 00405d40 f   DxGuiFramework:DGWindow.obj
 0001:00004d70       ?OnLButtonUp@DGWindow@@MAIXHHPAE@Z 00405d70 f   DxGuiFramework:DGWindow.obj
 0001:00004da0       ?OnLButtonDblClk@DGWindow@@MAIXHHPAE@Z 00405da0 f   DxGuiFramework:DGWindow.obj
 0001:00004dd0       ?OnMButtonDown@DGWindow@@MAIXHHPAE@Z 00405dd0 f   DxGuiFramework:DGWindow.obj
 0001:00004e00       ?OnMButtonUp@DGWindow@@MAIXHHPAE@Z 00405e00 f   DxGuiFramework:DGWindow.obj
 0001:00004e30       ?OnMButtonDblClk@DGWindow@@MAIXHHPAE@Z 00405e30 f   DxGuiFramework:DGWindow.obj
 0001:00004e60       ?OnRButtonDown@DGWindow@@MAIXHHPAE@Z 00405e60 f   DxGuiFramework:DGWindow.obj
 0001:00004e90       ?OnRButtonUp@DGWindow@@MAIXHHPAE@Z 00405e90 f   DxGuiFramework:DGWindow.obj
 0001:00004ec0       ?OnRButtonDblClk@DGWindow@@MAIXHHPAE@Z 00405ec0 f   DxGuiFramework:DGWindow.obj
 0001:00004ef0       ?OnMouseMove@DGWindow@@MAIXHHPAE@Z 00405ef0 f   DxGuiFramework:DGWindow.obj
 0001:00004f20       ?OnMouseEnter@DGWindow@@MAIXHHPAE@Z 00405f20 f   DxGuiFramework:DGWindow.obj
 0001:00004f50       ?OnMouseLeave@DGWindow@@MAIXHHPAE@Z 00405f50 f   DxGuiFramework:DGWindow.obj
 0001:00004f80       ?OnKeyDown@DGWindow@@MAIXEPAE@Z 00405f80 f   DxGuiFramework:DGWindow.obj
 0001:00004fb0       ?OnKeyPressed@DGWindow@@MAIXEPAE@Z 00405fb0 f   DxGuiFramework:DGWindow.obj
 0001:00004fe0       ?OnCharacter@DGWindow@@MAIXDPAE@Z 00405fe0 f   DxGuiFramework:DGWindow.obj
 0001:00005010       ?OnWindowMoving@DGWindow@@MAIXXZ 00406010 f   DxGuiFramework:DGWindow.obj
 0001:00005040       ?OnWindowMoved@DGWindow@@MAIXXZ 00406040 f   DxGuiFramework:DGWindow.obj
 0001:00005070       ?OnWindowReposition@DGWindow@@MAIXHH@Z 00406070 f   DxGuiFramework:DGWindow.obj
 0001:000050c0       ?OnWindowSizing@DGWindow@@MAIXXZ 004060c0 f   DxGuiFramework:DGWindow.obj
 0001:000050f0       ?OnWindowSized@DGWindow@@MAIXXZ 004060f0 f   DxGuiFramework:DGWindow.obj
 0001:00005120       ?OnWindowResize@DGWindow@@MAIXHH@Z 00406120 f   DxGuiFramework:DGWindow.obj
 0001:00005170       ?OnShowWindow@DGWindow@@MAIXXZ 00406170 f   DxGuiFramework:DGWindow.obj
 0001:000051c0       ?OnHideWindow@DGWindow@@MAIXXZ 004061c0 f   DxGuiFramework:DGWindow.obj
 0001:00005210       ?OnDisplayChange@DGWindow@@MAIXMMI@Z 00406210 f   DxGuiFramework:DGWindow.obj
 0001:000052b0       ?SetPoint@DGPoint@@QAEXHH@Z 004062b0 f i DxGuiFramework:DGWindow.obj
 0001:000052f0       ?OnCreate@DGWindow@@MAIXXZ 004062f0 f   DxGuiFramework:DGWindow.obj
 0001:000053a0       ?OnDestroy@DGWindow@@MAIXXZ 004063a0 f   DxGuiFramework:DGWindow.obj
 0001:000053d0       ?OnShowChildWindow@DGWindow@@MAIXI@Z 004063d0 f   DxGuiFramework:DGWindow.obj
 0001:00005520       ?OnHideChildWindow@DGWindow@@MAIXI@Z 00406520 f   DxGuiFramework:DGWindow.obj
 0001:000055b0       ?OnParentReposition@DGWindow@@MAIXXZ 004065b0 f   DxGuiFramework:DGWindow.obj
 0001:000055f0       ?OnDrawWindow@DGWindow@@MAIXPAVDGWindowSurface@@@Z 004065f0 f   DxGuiFramework:DGWindow.obj
 0001:00005620       ?OnTitleBarDown@DGWindow@@MAEXPAVDGMessage@@@Z 00406620 f   DxGuiFramework:DGWindow.obj
 0001:00005680       ?AreCoordsInWindow@DGWindow@@QAI_NHH@Z 00406680 f   DxGuiFramework:DGWindow.obj
 0001:000056f0       ?GetWinIDOfCoords@DGWindow@@QAIIHH@Z 004066f0 f   DxGuiFramework:DGWindow.obj
 0001:00005780       ?GetChildWinIDOfCoords@DGWindow@@QAIIHH@Z 00406780 f   DxGuiFramework:DGWindow.obj
 0001:00005890       ??0DGArea@@QAE@AAV0@@Z     00406890 f i DxGuiFramework:DGWindow.obj
 0001:000058f0       ??0DGArea@@QAE@AAVDGPoint@@0@Z 004068f0 f i DxGuiFramework:DGWindow.obj
 0001:00005950       ?AbsToRelCoords@DGWindow@@QAI?AVDGPoint@@HH@Z 00406950 f   DxGuiFramework:DGWindow.obj
 0001:000059b0       ?RelToAbsCoords@DGWindow@@QAI?AVDGPoint@@HH@Z 004069b0 f   DxGuiFramework:DGWindow.obj
 0001:00005a10       ?Right@DGArea@@QAEHXZ      00406a10 f i DxGuiFramework:DGWindow.obj
 0001:00005a50       ?Bottom@DGArea@@QAEHXZ     00406a50 f i DxGuiFramework:DGWindow.obj
 0001:00005a90       ?CalculateAbsCoords@DGWindow@@AAEXXZ 00406a90 f   DxGuiFramework:DGWindow.obj
 0001:00005b10       ??0?$map@IPAVMsgHandlerInterface@@U?$less@I@std@@V?$allocator@PAVMsgHandlerInterface@@@3@@std@@QAE@ABU?$less@I@1@ABV?$allocator@PAVMsgHandlerInterface@@@1@@Z 00406b10 f i DxGuiFramework:DGWindow.obj
 0001:00005b60       ?begin@?$map@IPAVMsgHandlerInterface@@U?$less@I@std@@V?$allocator@PAVMsgHandlerInterface@@@3@@std@@QAE?AViterator@?$_Tree@IU?$pair@$$CBIPAVMsgHandlerInterface@@@std@@U_Kfn@?$map@IPAVMsgHandlerInterface@@U?$less@I@std@@V?$allocator@PAVMsgHandlerInterface@@@3@@2@U?$less@I@2@V?$allocator@PAVMsgHandlerInterface@@@2@@2@XZ 00406b60 f i DxGuiFramework:DGWindow.obj
 0001:00005bb0       ?end@?$map@IPAVMsgHandlerInterface@@U?$less@I@std@@V?$allocator@PAVMsgHandlerInterface@@@3@@std@@QAE?AViterator@?$_Tree@IU?$pair@$$CBIPAVMsgHandlerInterface@@@std@@U_Kfn@?$map@IPAVMsgHandlerInterface@@U?$less@I@std@@V?$allocator@PAVMsgHandlerInterface@@@3@@2@U?$less@I@2@V?$allocator@PAVMsgHandlerInterface@@@2@@2@XZ 00406bb0 f i DxGuiFramework:DGWindow.obj
 0001:00005c00       ?insert@?$map@IPAVMsgHandlerInterface@@U?$less@I@std@@V?$allocator@PAVMsgHandlerInterface@@@3@@std@@QAE?AU?$pair@Viterator@?$_Tree@IU?$pair@$$CBIPAVMsgHandlerInterface@@@std@@U_Kfn@?$map@IPAVMsgHandlerInterface@@U?$less@I@std@@V?$allocator@PAVMsgHandlerInterface@@@3@@2@U?$less@I@2@V?$allocator@PAVMsgHandlerInterface@@@2@@std@@_N@2@ABU?$pair@$$CBIPAVMsgHandlerInterface@@@2@@Z 00406c00 f i DxGuiFramework:DGWindow.obj
 0001:00005c70       ?erase@?$map@IPAVMsgHandlerInterface@@U?$less@I@std@@V?$allocator@PAVMsgHandlerInterface@@@3@@std@@QAEIABI@Z 00406c70 f i DxGuiFramework:DGWindow.obj
 0001:00005cb0       ?find@?$map@IPAVMsgHandlerInterface@@U?$less@I@std@@V?$allocator@PAVMsgHandlerInterface@@@3@@std@@QAE?AViterator@?$_Tree@IU?$pair@$$CBIPAVMsgHandlerInterface@@@std@@U_Kfn@?$map@IPAVMsgHandlerInterface@@U?$less@I@std@@V?$allocator@PAVMsgHandlerInterface@@@3@@2@U?$less@I@2@V?$allocator@PAVMsgHandlerInterface@@@2@@2@ABI@Z 00406cb0 f i DxGuiFramework:DGWindow.obj
 0001:00005d00       ?count@?$map@IPAVMsgHandlerInterface@@U?$less@I@std@@V?$allocator@PAVMsgHandlerInterface@@@3@@std@@QBEIABI@Z 00406d00 f i DxGuiFramework:DGWindow.obj
 0001:00005d40       ??1?$_Tree@IU?$pair@$$CBIPAVMsgHandlerInterface@@@std@@U_Kfn@?$map@IPAVMsgHandlerInterface@@U?$less@I@std@@V?$allocator@PAVMsgHandlerInterface@@@3@@2@U?$less@I@2@V?$allocator@PAVMsgHandlerInterface@@@2@@std@@QAE@XZ 00406d40 f i DxGuiFramework:DGWindow.obj
 0001:00005e30       ??0_Lockit@std@@QAE@XZ     00406e30 f i DxGuiFramework:DGWindow.obj
 0001:00005e60       ??1_Lockit@std@@QAE@XZ     00406e60 f i DxGuiFramework:DGWindow.obj
 0001:00005e90       ??0?$pair@$$CBIPAVMsgHandlerInterface@@@std@@QAE@ABIABQAVMsgHandlerInterface@@@Z 00406e90 f i DxGuiFramework:DGWindow.obj
 0001:00005ed0       ??Diterator@?$_Tree@IU?$pair@$$CBIPAVMsgHandlerInterface@@@std@@U_Kfn@?$map@IPAVMsgHandlerInterface@@U?$less@I@std@@V?$allocator@PAVMsgHandlerInterface@@@3@@2@U?$less@I@2@V?$allocator@PAVMsgHandlerInterface@@@2@@std@@QBEAAU?$pair@$$CBIPAVMsgHandlerInterface@@@2@XZ 00406ed0 f i DxGuiFramework:DGWindow.obj
 0001:00005f10       ??Eiterator@?$_Tree@IU?$pair@$$CBIPAVMsgHandlerInterface@@@std@@U_Kfn@?$map@IPAVMsgHandlerInterface@@U?$less@I@std@@V?$allocator@PAVMsgHandlerInterface@@@3@@2@U?$less@I@2@V?$allocator@PAVMsgHandlerInterface@@@2@@std@@QAE?AV012@H@Z 00406f10 f i DxGuiFramework:DGWindow.obj
 0001:00005f60       ??9iterator@?$_Tree@IU?$pair@$$CBIPAVMsgHandlerInterface@@@std@@U_Kfn@?$map@IPAVMsgHandlerInterface@@U?$less@I@std@@V?$allocator@PAVMsgHandlerInterface@@@3@@2@U?$less@I@2@V?$allocator@PAVMsgHandlerInterface@@@2@@std@@QBE_NABV012@@Z 00406f60 f i DxGuiFramework:DGWindow.obj
 0001:00005fb0       ?SetDestroy@?$DGLinkedList@VDGWindow@@@@QAEX_N@Z 00406fb0 f i DxGuiFramework:DGWindow.obj
 0001:00005fe0       ?GetNumOfItems@?$DGLinkedList@VDGWindow@@@@QAEHXZ 00406fe0 f i DxGuiFramework:DGWindow.obj
 0001:00006010       ?Begin@?$DGLinkedList@VDGWindow@@@@QAE?AV?$DGListIterator@VDGWindow@@@@XZ 00407010 f i DxGuiFramework:DGWindow.obj
 0001:00006070       ??E?$DGListIterator@VDGWindow@@@@QAEAAV0@H@Z 00407070 f i DxGuiFramework:DGWindow.obj
 0001:000060d0       ?EndOfList@?$DGListIterator@VDGWindow@@@@QAE_NXZ 004070d0 f i DxGuiFramework:DGWindow.obj
 0001:00006110       ?GetData@?$DGListIterator@VDGWindow@@@@QAEPAVDGWindow@@XZ 00407110 f i DxGuiFramework:DGWindow.obj
 0001:00006170       ??0?$MsgHandlerFunction@VDGWindow@@@@QAE@PAVDGWindow@@P81@AEXPAVDGMessage@@@Z@Z 00407170 f i DxGuiFramework:DGWindow.obj
 0001:000061d0       ??R?$MsgHandlerFunction@VDGWindow@@@@UAEXPAVDGMessage@@@Z 004071d0 f i DxGuiFramework:DGWindow.obj
 0001:00006220       ?Call@?$MsgHandlerFunction@VDGWindow@@@@UAEXPAVDGMessage@@@Z 00407220 f i DxGuiFramework:DGWindow.obj
 0001:00006270       ?_Value@?$_Tree@IU?$pair@$$CBIPAVMsgHandlerInterface@@@std@@U_Kfn@?$map@IPAVMsgHandlerInterface@@U?$less@I@std@@V?$allocator@PAVMsgHandlerInterface@@@3@@2@U?$less@I@2@V?$allocator@PAVMsgHandlerInterface@@@2@@std@@KAAAU?$pair@$$CBIPAVMsgHandlerInterface@@@2@PAU_Node@12@@Z 00407270 f i DxGuiFramework:DGWindow.obj
 0001:000062a0       ??0?$_Tree@IU?$pair@$$CBIPAVMsgHandlerInterface@@@std@@U_Kfn@?$map@IPAVMsgHandlerInterface@@U?$less@I@std@@V?$allocator@PAVMsgHandlerInterface@@@3@@2@U?$less@I@2@V?$allocator@PAVMsgHandlerInterface@@@2@@std@@QAE@ABU?$less@I@1@_NABV?$allocator@PAVMsgHandlerInterface@@@1@@Z 004072a0 f i DxGuiFramework:DGWindow.obj
 0001:00006300       ?begin@?$_Tree@IU?$pair@$$CBIPAVMsgHandlerInterface@@@std@@U_Kfn@?$map@IPAVMsgHandlerInterface@@U?$less@I@std@@V?$allocator@PAVMsgHandlerInterface@@@3@@2@U?$less@I@2@V?$allocator@PAVMsgHandlerInterface@@@2@@std@@QAE?AViterator@12@XZ 00407300 f i DxGuiFramework:DGWindow.obj
 0001:00006350       ?end@?$_Tree@IU?$pair@$$CBIPAVMsgHandlerInterface@@@std@@U_Kfn@?$map@IPAVMsgHandlerInterface@@U?$less@I@std@@V?$allocator@PAVMsgHandlerInterface@@@3@@2@U?$less@I@2@V?$allocator@PAVMsgHandlerInterface@@@2@@std@@QAE?AViterator@12@XZ 00407350 f i DxGuiFramework:DGWindow.obj
 0001:000063a0       ?insert@?$_Tree@IU?$pair@$$CBIPAVMsgHandlerInterface@@@std@@U_Kfn@?$map@IPAVMsgHandlerInterface@@U?$less@I@std@@V?$allocator@PAVMsgHandlerInterface@@@3@@2@U?$less@I@2@V?$allocator@PAVMsgHandlerInterface@@@2@@std@@QAE?AU?$pair@Viterator@?$_Tree@IU?$pair@$$CBIPAVMsgHandlerInterface@@@std@@U_Kfn@?$map@IPAVMsgHandlerInterface@@U?$less@I@std@@V?$allocator@PAVMsgHandlerInterface@@@3@@2@U?$less@I@2@V?$allocator@PAVMsgHandlerInterface@@@2@@std@@_N@2@ABU?$pair@$$CBIPAVMsgHandlerInterface@@@2@@Z 004073a0 f i DxGuiFramework:DGWindow.obj
 0001:00006610       ?erase@?$_Tree@IU?$pair@$$CBIPAVMsgHandlerInterface@@@std@@U_Kfn@?$map@IPAVMsgHandlerInterface@@U?$less@I@std@@V?$allocator@PAVMsgHandlerInterface@@@3@@2@U?$less@I@2@V?$allocator@PAVMsgHandlerInterface@@@2@@std@@QAE?AViterator@12@V312@0@Z 00407610 f i DxGuiFramework:DGWindow.obj
 0001:00006770       ?erase@?$_Tree@IU?$pair@$$CBIPAVMsgHandlerInterface@@@std@@U_Kfn@?$map@IPAVMsgHandlerInterface@@U?$less@I@std@@V?$allocator@PAVMsgHandlerInterface@@@3@@2@U?$less@I@2@V?$allocator@PAVMsgHandlerInterface@@@2@@std@@QAEIABI@Z 00407770 f i DxGuiFramework:DGWindow.obj
 0001:000067f0       ?find@?$_Tree@IU?$pair@$$CBIPAVMsgHandlerInterface@@@std@@U_Kfn@?$map@IPAVMsgHandlerInterface@@U?$less@I@std@@V?$allocator@PAVMsgHandlerInterface@@@3@@2@U?$less@I@2@V?$allocator@PAVMsgHandlerInterface@@@2@@std@@QAE?AViterator@12@ABI@Z 004077f0 f i DxGuiFramework:DGWindow.obj
 0001:000068b0       ?count@?$_Tree@IU?$pair@$$CBIPAVMsgHandlerInterface@@@std@@U_Kfn@?$map@IPAVMsgHandlerInterface@@U?$less@I@std@@V?$allocator@PAVMsgHandlerInterface@@@3@@2@U?$less@I@2@V?$allocator@PAVMsgHandlerInterface@@@2@@std@@QBEIABI@Z 004078b0 f i DxGuiFramework:DGWindow.obj
 0001:00006920       ?_Freenode@?$_Tree@IU?$pair@$$CBIPAVMsgHandlerInterface@@@std@@U_Kfn@?$map@IPAVMsgHandlerInterface@@U?$less@I@std@@V?$allocator@PAVMsgHandlerInterface@@@3@@2@U?$less@I@2@V?$allocator@PAVMsgHandlerInterface@@@2@@std@@IAEXPAU_Node@12@@Z 00407920 f i DxGuiFramework:DGWindow.obj
 0001:00006960       ??Eiterator@?$_Tree@IU?$pair@$$CBIPAVMsgHandlerInterface@@@std@@U_Kfn@?$map@IPAVMsgHandlerInterface@@U?$less@I@std@@V?$allocator@PAVMsgHandlerInterface@@@3@@2@U?$less@I@2@V?$allocator@PAVMsgHandlerInterface@@@2@@std@@QAEAAV012@XZ 00407960 f i DxGuiFramework:DGWindow.obj
 0001:000069a0       ??8iterator@?$_Tree@IU?$pair@$$CBIPAVMsgHandlerInterface@@@std@@U_Kfn@?$map@IPAVMsgHandlerInterface@@U?$less@I@std@@V?$allocator@PAVMsgHandlerInterface@@@3@@2@U?$less@I@2@V?$allocator@PAVMsgHandlerInterface@@@2@@std@@QBE_NABV012@@Z 004079a0 f i DxGuiFramework:DGWindow.obj
 0001:000069e0       ??0?$DGListIterator@VDGWindow@@@@QAE@PAV?$DGNode@VDGWindow@@@@H@Z 004079e0 f i DxGuiFramework:DGWindow.obj
 0001:00006a20       ??0?$pair@Viterator@?$_Tree@IU?$pair@$$CBIPAVMsgHandlerInterface@@@std@@U_Kfn@?$map@IPAVMsgHandlerInterface@@U?$less@I@std@@V?$allocator@PAVMsgHandlerInterface@@@3@@2@U?$less@I@2@V?$allocator@PAVMsgHandlerInterface@@@2@@std@@_N@std@@QAE@ABViterator@?$_Tree@IU?$pair@$$CBIPAVMsgHandlerInterface@@@std@@U_Kfn@?$map@IPAVMsgHandlerInterface@@U?$less@I@std@@V?$allocator@PAVMsgHandlerInterface@@@3@@2@U?$less@I@2@V?$allocator@PAVMsgHandlerInterface@@@2@@1@AB_N@Z 00407a20 f i DxGuiFramework:DGWindow.obj
 0001:00006a60       ??R_Kfn@?$map@IPAVMsgHandlerInterface@@U?$less@I@std@@V?$allocator@PAVMsgHandlerInterface@@@3@@std@@QBEABIABU?$pair@$$CBIPAVMsgHandlerInterface@@@2@@Z 00407a60 f i DxGuiFramework:DGWindow.obj
 0001:00006a90       ??R?$less@I@std@@QBE_NABI0@Z 00407a90 f i DxGuiFramework:DGWindow.obj
 0001:00006ad0       ?deallocate@?$allocator@PAVMsgHandlerInterface@@@std@@QAEXPAXI@Z 00407ad0 f i DxGuiFramework:DGWindow.obj
 0001:00006b10       ?_Key@?$_Tree@IU?$pair@$$CBIPAVMsgHandlerInterface@@@std@@U_Kfn@?$map@IPAVMsgHandlerInterface@@U?$less@I@std@@V?$allocator@PAVMsgHandlerInterface@@@3@@2@U?$less@I@2@V?$allocator@PAVMsgHandlerInterface@@@2@@std@@KAABIPAU_Node@12@@Z 00407b10 f i DxGuiFramework:DGWindow.obj
 0001:00006b50       ?_Left@?$_Tree@IU?$pair@$$CBIPAVMsgHandlerInterface@@@std@@U_Kfn@?$map@IPAVMsgHandlerInterface@@U?$less@I@std@@V?$allocator@PAVMsgHandlerInterface@@@3@@2@U?$less@I@2@V?$allocator@PAVMsgHandlerInterface@@@2@@std@@KAAAPAU_Node@12@PAU312@@Z 00407b50 f i DxGuiFramework:DGWindow.obj
 0001:00006b80       ?_Right@?$_Tree@IU?$pair@$$CBIPAVMsgHandlerInterface@@@std@@U_Kfn@?$map@IPAVMsgHandlerInterface@@U?$less@I@std@@V?$allocator@PAVMsgHandlerInterface@@@3@@2@U?$less@I@2@V?$allocator@PAVMsgHandlerInterface@@@2@@std@@KAAAPAU_Node@12@PAU312@@Z 00407b80 f i DxGuiFramework:DGWindow.obj
 0001:00006bb0       ?size@?$_Tree@IU?$pair@$$CBIPAVMsgHandlerInterface@@@std@@U_Kfn@?$map@IPAVMsgHandlerInterface@@U?$less@I@std@@V?$allocator@PAVMsgHandlerInterface@@@3@@2@U?$less@I@2@V?$allocator@PAVMsgHandlerInterface@@@2@@std@@QBEIXZ 00407bb0 f i DxGuiFramework:DGWindow.obj
 0001:00006be0       ?erase@?$_Tree@IU?$pair@$$CBIPAVMsgHandlerInterface@@@std@@U_Kfn@?$map@IPAVMsgHandlerInterface@@U?$less@I@std@@V?$allocator@PAVMsgHandlerInterface@@@3@@2@U?$less@I@2@V?$allocator@PAVMsgHandlerInterface@@@2@@std@@QAE?AViterator@12@V312@@Z 00407be0 f i DxGuiFramework:DGWindow.obj
 0001:00007450       ??0DGWindowSurface@@QAE@PAVDGSurface@@VDGPoint@@@Z 00408450 f i DxGuiFramework:DGWindow.obj
 0001:000074b0       ?lower_bound@?$_Tree@IU?$pair@$$CBIPAVMsgHandlerInterface@@@std@@U_Kfn@?$map@IPAVMsgHandlerInterface@@U?$less@I@std@@V?$allocator@PAVMsgHandlerInterface@@@3@@2@U?$less@I@2@V?$allocator@PAVMsgHandlerInterface@@@2@@std@@QAE?AViterator@12@ABI@Z 004084b0 f i DxGuiFramework:DGWindow.obj
 0001:00007500       ?equal_range@?$_Tree@IU?$pair@$$CBIPAVMsgHandlerInterface@@@std@@U_Kfn@?$map@IPAVMsgHandlerInterface@@U?$less@I@std@@V?$allocator@PAVMsgHandlerInterface@@@3@@2@U?$less@I@2@V?$allocator@PAVMsgHandlerInterface@@@2@@std@@QAE?AU?$pair@Viterator@?$_Tree@IU?$pair@$$CBIPAVMsgHandlerInterface@@@std@@U_Kfn@?$map@IPAVMsgHandlerInterface@@U?$less@I@std@@V?$allocator@PAVMsgHandlerInterface@@@3@@2@U?$less@I@2@V?$allocator@PAVMsgHandlerInterface@@@2@@std@@V123@@2@ABI@Z 00408500 f i DxGuiFramework:DGWindow.obj
 0001:00007570       ?equal_range@?$_Tree@IU?$pair@$$CBIPAVMsgHandlerInterface@@@std@@U_Kfn@?$map@IPAVMsgHandlerInterface@@U?$less@I@std@@V?$allocator@PAVMsgHandlerInterface@@@3@@2@U?$less@I@2@V?$allocator@PAVMsgHandlerInterface@@@2@@std@@QBE?AU?$pair@Vconst_iterator@?$_Tree@IU?$pair@$$CBIPAVMsgHandlerInterface@@@std@@U_Kfn@?$map@IPAVMsgHandlerInterface@@U?$less@I@std@@V?$allocator@PAVMsgHandlerInterface@@@3@@2@U?$less@I@2@V?$allocator@PAVMsgHandlerInterface@@@2@@std@@V123@@2@ABI@Z 00408570 f i DxGuiFramework:DGWindow.obj
 0001:000075e0       ?_Erase@?$_Tree@IU?$pair@$$CBIPAVMsgHandlerInterface@@@std@@U_Kfn@?$map@IPAVMsgHandlerInterface@@U?$less@I@std@@V?$allocator@PAVMsgHandlerInterface@@@3@@2@U?$less@I@2@V?$allocator@PAVMsgHandlerInterface@@@2@@std@@IAEXPAU_Node@12@@Z 004085e0 f i DxGuiFramework:DGWindow.obj
 0001:000076c0       ?_Init@?$_Tree@IU?$pair@$$CBIPAVMsgHandlerInterface@@@std@@U_Kfn@?$map@IPAVMsgHandlerInterface@@U?$less@I@std@@V?$allocator@PAVMsgHandlerInterface@@@3@@2@U?$less@I@2@V?$allocator@PAVMsgHandlerInterface@@@2@@std@@IAEXXZ 004086c0 f i DxGuiFramework:DGWindow.obj
 0001:000077c0       ?_Insert@?$_Tree@IU?$pair@$$CBIPAVMsgHandlerInterface@@@std@@U_Kfn@?$map@IPAVMsgHandlerInterface@@U?$less@I@std@@V?$allocator@PAVMsgHandlerInterface@@@3@@2@U?$less@I@2@V?$allocator@PAVMsgHandlerInterface@@@2@@std@@IAE?AViterator@12@PAU_Node@12@0ABU?$pair@$$CBIPAVMsgHandlerInterface@@@2@@Z 004087c0 f i DxGuiFramework:DGWindow.obj
 0001:00007cb0       ??0DGMessage@@QAE@IIHHIPAE@Z 00408cb0 f i DxGuiFramework:DGWindow.obj
 0001:00007d60       ??_EDGMessage@@UAEPAXI@Z   00408d60 f i DxGuiFramework:DGWindow.obj
 0001:00007d60       ??_GDGMessage@@UAEPAXI@Z   00408d60 f i DxGuiFramework:DGWindow.obj
 0001:00007dc0       ??1DGMessage@@UAE@XZ       00408dc0 f i DxGuiFramework:DGWindow.obj
 0001:00007e20       ?GetAbsDimensions@DGWindow@@QAE?AVDGArea@@XZ 00408e20 f i DxGuiFramework:DGWindow.obj
 0001:00007e80       ?_Lmost@?$_Tree@IU?$pair@$$CBIPAVMsgHandlerInterface@@@std@@U_Kfn@?$map@IPAVMsgHandlerInterface@@U?$less@I@std@@V?$allocator@PAVMsgHandlerInterface@@@3@@2@U?$less@I@2@V?$allocator@PAVMsgHandlerInterface@@@2@@std@@IAEAAPAU_Node@12@XZ 00408e80 f i DxGuiFramework:DGWindow.obj
 0001:00007ec0       ?_Rmost@?$_Tree@IU?$pair@$$CBIPAVMsgHandlerInterface@@@std@@U_Kfn@?$map@IPAVMsgHandlerInterface@@U?$less@I@std@@V?$allocator@PAVMsgHandlerInterface@@@3@@2@U?$less@I@2@V?$allocator@PAVMsgHandlerInterface@@@2@@std@@IAEAAPAU_Node@12@XZ 00408ec0 f i DxGuiFramework:DGWindow.obj
 0001:00007f00       ?IsWindowShowing@DGWindow@@QAE_NXZ 00408f00 f i DxGuiFramework:DGWindow.obj
 0001:00007f30       ?IsControl@DGWindow@@QAE_NXZ 00408f30 f i DxGuiFramework:DGWindow.obj
 0001:00007f60       ?_Root@?$_Tree@IU?$pair@$$CBIPAVMsgHandlerInterface@@@std@@U_Kfn@?$map@IPAVMsgHandlerInterface@@U?$less@I@std@@V?$allocator@PAVMsgHandlerInterface@@@3@@2@U?$less@I@2@V?$allocator@PAVMsgHandlerInterface@@@2@@std@@IAEAAPAU_Node@12@XZ 00408f60 f i DxGuiFramework:DGWindow.obj
 0001:00007fa0       ?_Inc@const_iterator@?$_Tree@IU?$pair@$$CBIPAVMsgHandlerInterface@@@std@@U_Kfn@?$map@IPAVMsgHandlerInterface@@U?$less@I@std@@V?$allocator@PAVMsgHandlerInterface@@@3@@2@U?$less@I@2@V?$allocator@PAVMsgHandlerInterface@@@2@@std@@QAEXXZ 00408fa0 f i DxGuiFramework:DGWindow.obj
 0001:000080a0       ?SetParent@DGWindow@@QAEXPAV1@@Z 004090a0 f i DxGuiFramework:DGWindow.obj
 0001:000080f0       ?GetParent@DGWindow@@QAEPAV1@XZ 004090f0 f i DxGuiFramework:DGWindow.obj
 0001:00008120       ?_Mynode@const_iterator@?$_Tree@IU?$pair@$$CBIPAVMsgHandlerInterface@@@std@@U_Kfn@?$map@IPAVMsgHandlerInterface@@U?$less@I@std@@V?$allocator@PAVMsgHandlerInterface@@@3@@2@U?$less@I@2@V?$allocator@PAVMsgHandlerInterface@@@2@@std@@QBEPAU_Node@23@XZ 00409120 f i DxGuiFramework:DGWindow.obj
 0001:00008150       ??0iterator@?$_Tree@IU?$pair@$$CBIPAVMsgHandlerInterface@@@std@@U_Kfn@?$map@IPAVMsgHandlerInterface@@U?$less@I@std@@V?$allocator@PAVMsgHandlerInterface@@@3@@2@U?$less@I@2@V?$allocator@PAVMsgHandlerInterface@@@2@@std@@QAE@PAU_Node@12@@Z 00409150 f i DxGuiFramework:DGWindow.obj
 0001:00008190       ??Fiterator@?$_Tree@IU?$pair@$$CBIPAVMsgHandlerInterface@@@std@@U_Kfn@?$map@IPAVMsgHandlerInterface@@U?$less@I@std@@V?$allocator@PAVMsgHandlerInterface@@@3@@2@U?$less@I@2@V?$allocator@PAVMsgHandlerInterface@@@2@@std@@QAEAAV012@XZ 00409190 f i DxGuiFramework:DGWindow.obj
 0001:000081d0       ?_Color@?$_Tree@IU?$pair@$$CBIPAVMsgHandlerInterface@@@std@@U_Kfn@?$map@IPAVMsgHandlerInterface@@U?$less@I@std@@V?$allocator@PAVMsgHandlerInterface@@@3@@2@U?$less@I@2@V?$allocator@PAVMsgHandlerInterface@@@2@@std@@KAAAW4_Redbl@12@PAU_Node@12@@Z 004091d0 f i DxGuiFramework:DGWindow.obj
 0001:00008200       ?_Parent@?$_Tree@IU?$pair@$$CBIPAVMsgHandlerInterface@@@std@@U_Kfn@?$map@IPAVMsgHandlerInterface@@U?$less@I@std@@V?$allocator@PAVMsgHandlerInterface@@@3@@2@U?$less@I@2@V?$allocator@PAVMsgHandlerInterface@@@2@@std@@KAAAPAU_Node@12@PAU312@@Z 00409200 f i DxGuiFramework:DGWindow.obj
 0001:00008230       ?lower_bound@?$_Tree@IU?$pair@$$CBIPAVMsgHandlerInterface@@@std@@U_Kfn@?$map@IPAVMsgHandlerInterface@@U?$less@I@std@@V?$allocator@PAVMsgHandlerInterface@@@3@@2@U?$less@I@2@V?$allocator@PAVMsgHandlerInterface@@@2@@std@@QBE?AVconst_iterator@12@ABI@Z 00409230 f i DxGuiFramework:DGWindow.obj
 0001:00008280       ?upper_bound@?$_Tree@IU?$pair@$$CBIPAVMsgHandlerInterface@@@std@@U_Kfn@?$map@IPAVMsgHandlerInterface@@U?$less@I@std@@V?$allocator@PAVMsgHandlerInterface@@@3@@2@U?$less@I@2@V?$allocator@PAVMsgHandlerInterface@@@2@@std@@QAE?AViterator@12@ABI@Z 00409280 f i DxGuiFramework:DGWindow.obj
 0001:000082d0       ?upper_bound@?$_Tree@IU?$pair@$$CBIPAVMsgHandlerInterface@@@std@@U_Kfn@?$map@IPAVMsgHandlerInterface@@U?$less@I@std@@V?$allocator@PAVMsgHandlerInterface@@@3@@2@U?$less@I@2@V?$allocator@PAVMsgHandlerInterface@@@2@@std@@QBE?AVconst_iterator@12@ABI@Z 004092d0 f i DxGuiFramework:DGWindow.obj
 0001:00008330       ?_Lbound@?$_Tree@IU?$pair@$$CBIPAVMsgHandlerInterface@@@std@@U_Kfn@?$map@IPAVMsgHandlerInterface@@U?$less@I@std@@V?$allocator@PAVMsgHandlerInterface@@@3@@2@U?$less@I@2@V?$allocator@PAVMsgHandlerInterface@@@2@@std@@IBEPAU_Node@12@ABI@Z 00409330 f i DxGuiFramework:DGWindow.obj
 0001:00008420       ?_Lrotate@?$_Tree@IU?$pair@$$CBIPAVMsgHandlerInterface@@@std@@U_Kfn@?$map@IPAVMsgHandlerInterface@@U?$less@I@std@@V?$allocator@PAVMsgHandlerInterface@@@3@@2@U?$less@I@2@V?$allocator@PAVMsgHandlerInterface@@@2@@std@@IAEXPAU_Node@12@@Z 00409420 f i DxGuiFramework:DGWindow.obj
 0001:000085b0       ?_Max@?$_Tree@IU?$pair@$$CBIPAVMsgHandlerInterface@@@std@@U_Kfn@?$map@IPAVMsgHandlerInterface@@U?$less@I@std@@V?$allocator@PAVMsgHandlerInterface@@@3@@2@U?$less@I@2@V?$allocator@PAVMsgHandlerInterface@@@2@@std@@KAPAU_Node@12@PAU312@@Z 004095b0 f i DxGuiFramework:DGWindow.obj
 0001:00008650       ?_Min@?$_Tree@IU?$pair@$$CBIPAVMsgHandlerInterface@@@std@@U_Kfn@?$map@IPAVMsgHandlerInterface@@U?$less@I@std@@V?$allocator@PAVMsgHandlerInterface@@@3@@2@U?$less@I@2@V?$allocator@PAVMsgHandlerInterface@@@2@@std@@KAPAU_Node@12@PAU312@@Z 00409650 f i DxGuiFramework:DGWindow.obj
 0001:000086f0       ?_Rrotate@?$_Tree@IU?$pair@$$CBIPAVMsgHandlerInterface@@@std@@U_Kfn@?$map@IPAVMsgHandlerInterface@@U?$less@I@std@@V?$allocator@PAVMsgHandlerInterface@@@3@@2@U?$less@I@2@V?$allocator@PAVMsgHandlerInterface@@@2@@std@@IAEXPAU_Node@12@@Z 004096f0 f i DxGuiFramework:DGWindow.obj
 0001:00008880       ?_Buynode@?$_Tree@IU?$pair@$$CBIPAVMsgHandlerInterface@@@std@@U_Kfn@?$map@IPAVMsgHandlerInterface@@U?$less@I@std@@V?$allocator@PAVMsgHandlerInterface@@@3@@2@U?$less@I@2@V?$allocator@PAVMsgHandlerInterface@@@2@@std@@IAEPAU_Node@12@PAU312@W4_Redbl@12@@Z 00409880 f i DxGuiFramework:DGWindow.obj
 0001:000088f0       ?_Consval@?$_Tree@IU?$pair@$$CBIPAVMsgHandlerInterface@@@std@@U_Kfn@?$map@IPAVMsgHandlerInterface@@U?$less@I@std@@V?$allocator@PAVMsgHandlerInterface@@@3@@2@U?$less@I@2@V?$allocator@PAVMsgHandlerInterface@@@2@@std@@IAEXPAU?$pair@$$CBIPAVMsgHandlerInterface@@@2@ABU32@@Z 004098f0 f i DxGuiFramework:DGWindow.obj
 0001:00008930       ?_Destval@?$_Tree@IU?$pair@$$CBIPAVMsgHandlerInterface@@@std@@U_Kfn@?$map@IPAVMsgHandlerInterface@@U?$less@I@std@@V?$allocator@PAVMsgHandlerInterface@@@3@@2@U?$less@I@2@V?$allocator@PAVMsgHandlerInterface@@@2@@std@@IAEXPAU?$pair@$$CBIPAVMsgHandlerInterface@@@2@@Z 00409930 f i DxGuiFramework:DGWindow.obj
 0001:00008970       ??0const_iterator@?$_Tree@IU?$pair@$$CBIPAVMsgHandlerInterface@@@std@@U_Kfn@?$map@IPAVMsgHandlerInterface@@U?$less@I@std@@V?$allocator@PAVMsgHandlerInterface@@@3@@2@U?$less@I@2@V?$allocator@PAVMsgHandlerInterface@@@2@@std@@QAE@PAU_Node@12@@Z 00409970 f i DxGuiFramework:DGWindow.obj
 0001:000089b0       ?_Dec@const_iterator@?$_Tree@IU?$pair@$$CBIPAVMsgHandlerInterface@@@std@@U_Kfn@?$map@IPAVMsgHandlerInterface@@U?$less@I@std@@V?$allocator@PAVMsgHandlerInterface@@@3@@2@U?$less@I@2@V?$allocator@PAVMsgHandlerInterface@@@2@@std@@QAEXXZ 004099b0 f i DxGuiFramework:DGWindow.obj
 0001:00008ae0       ??0?$pair@Viterator@?$_Tree@IU?$pair@$$CBIPAVMsgHandlerInterface@@@std@@U_Kfn@?$map@IPAVMsgHandlerInterface@@U?$less@I@std@@V?$allocator@PAVMsgHandlerInterface@@@3@@2@U?$less@I@2@V?$allocator@PAVMsgHandlerInterface@@@2@@std@@V123@@std@@QAE@ABViterator@?$_Tree@IU?$pair@$$CBIPAVMsgHandlerInterface@@@std@@U_Kfn@?$map@IPAVMsgHandlerInterface@@U?$less@I@std@@V?$allocator@PAVMsgHandlerInterface@@@3@@2@U?$less@I@2@V?$allocator@PAVMsgHandlerInterface@@@2@@1@0@Z 00409ae0 f i DxGuiFramework:DGWindow.obj
 0001:00008b20       ??0?$pair@Vconst_iterator@?$_Tree@IU?$pair@$$CBIPAVMsgHandlerInterface@@@std@@U_Kfn@?$map@IPAVMsgHandlerInterface@@U?$less@I@std@@V?$allocator@PAVMsgHandlerInterface@@@3@@2@U?$less@I@2@V?$allocator@PAVMsgHandlerInterface@@@2@@std@@V123@@std@@QAE@ABVconst_iterator@?$_Tree@IU?$pair@$$CBIPAVMsgHandlerInterface@@@std@@U_Kfn@?$map@IPAVMsgHandlerInterface@@U?$less@I@std@@V?$allocator@PAVMsgHandlerInterface@@@3@@2@U?$less@I@2@V?$allocator@PAVMsgHandlerInterface@@@2@@1@0@Z 00409b20 f i DxGuiFramework:DGWindow.obj
 0001:00008b60       ?_Charalloc@?$allocator@PAVMsgHandlerInterface@@@std@@QAEPADI@Z 00409b60 f i DxGuiFramework:DGWindow.obj
 0001:00008ba0       ?_Root@?$_Tree@IU?$pair@$$CBIPAVMsgHandlerInterface@@@std@@U_Kfn@?$map@IPAVMsgHandlerInterface@@U?$less@I@std@@V?$allocator@PAVMsgHandlerInterface@@@3@@2@U?$less@I@2@V?$allocator@PAVMsgHandlerInterface@@@2@@std@@IBEAAPAU_Node@12@XZ 00409ba0 f i DxGuiFramework:DGWindow.obj
 0001:00008be0       ?_Ubound@?$_Tree@IU?$pair@$$CBIPAVMsgHandlerInterface@@@std@@U_Kfn@?$map@IPAVMsgHandlerInterface@@U?$less@I@std@@V?$allocator@PAVMsgHandlerInterface@@@3@@2@U?$less@I@2@V?$allocator@PAVMsgHandlerInterface@@@2@@std@@IBEPAU_Node@12@ABI@Z 00409be0 f i DxGuiFramework:DGWindow.obj
 0001:00008cd0       ??0const_iterator@?$_Tree@IU?$pair@$$CBIPAVMsgHandlerInterface@@@std@@U_Kfn@?$map@IPAVMsgHandlerInterface@@U?$less@I@std@@V?$allocator@PAVMsgHandlerInterface@@@3@@2@U?$less@I@2@V?$allocator@PAVMsgHandlerInterface@@@2@@std@@QAE@ABViterator@12@@Z 00409cd0 f i DxGuiFramework:DGWindow.obj
 0001:00008d10       ??0?$DGLinkedList@VDGWindow@@@@QAE@XZ 00409d10 f i DxGuiFramework:DGWindow.obj
 0001:00008d70       ??1?$DGLinkedList@VDGWindow@@@@UAE@XZ 00409d70 f i DxGuiFramework:DGWindow.obj
 0001:00008dd0       ?Insert@?$DGLinkedList@VDGWindow@@@@QAEXPAVDGWindow@@H@Z 00409dd0 f i DxGuiFramework:DGWindow.obj
 0001:00008ea0       ?Append@?$DGLinkedList@VDGWindow@@@@QAEXPAVDGWindow@@H@Z 00409ea0 f i DxGuiFramework:DGWindow.obj
 0001:00008fd0       ?GetItemById@?$DGLinkedList@VDGWindow@@@@QAEPAVDGWindow@@H@Z 00409fd0 f i DxGuiFramework:DGWindow.obj
 0001:00009040       ?DeleteAll@?$DGLinkedList@VDGWindow@@@@QAEXXZ 0040a040 f i DxGuiFramework:DGWindow.obj
 0001:000090f0       ?RemoveById@?$DGLinkedList@VDGWindow@@@@QAEPAVDGWindow@@H@Z 0040a0f0 f i DxGuiFramework:DGWindow.obj
 0001:00009270       ?_Distance@std@@YAXViterator@?$_Tree@IU?$pair@$$CBIPAVMsgHandlerInterface@@@std@@U_Kfn@?$map@IPAVMsgHandlerInterface@@U?$less@I@std@@V?$allocator@PAVMsgHandlerInterface@@@3@@2@U?$less@I@2@V?$allocator@PAVMsgHandlerInterface@@@2@@1@0AAI@Z 0040a270 f i DxGuiFramework:DGWindow.obj
 0001:000092c0       ?_Distance@std@@YAXVconst_iterator@?$_Tree@IU?$pair@$$CBIPAVMsgHandlerInterface@@@std@@U_Kfn@?$map@IPAVMsgHandlerInterface@@U?$less@I@std@@V?$allocator@PAVMsgHandlerInterface@@@3@@2@U?$less@I@2@V?$allocator@PAVMsgHandlerInterface@@@2@@1@0AAI@Z 0040a2c0 f i DxGuiFramework:DGWindow.obj
 0001:00009310       ?swap@std@@YAXAAW4_Redbl@?$_Tree@IU?$pair@$$CBIPAVMsgHandlerInterface@@@std@@U_Kfn@?$map@IPAVMsgHandlerInterface@@U?$less@I@std@@V?$allocator@PAVMsgHandlerInterface@@@3@@2@U?$less@I@2@V?$allocator@PAVMsgHandlerInterface@@@2@@1@0@Z 0040a310 f i DxGuiFramework:DGWindow.obj
 0001:00009350       ?_Construct@std@@YAXPAU?$pair@$$CBIPAVMsgHandlerInterface@@@1@ABU21@@Z 0040a350 f i DxGuiFramework:DGWindow.obj
 0001:000093b0       ??2@YAPAXIPAX@Z            0040a3b0 f i DxGuiFramework:DGWindow.obj
 0001:000093e0       ?_Destroy@std@@YAXPAU?$pair@$$CBIPAVMsgHandlerInterface@@@1@@Z 0040a3e0 f i DxGuiFramework:DGWindow.obj
 0001:00009400       ?_Allocate@std@@YAPADHPAD@Z 0040a400 f i DxGuiFramework:DGWindow.obj
 0001:00009450       ??_E?$DGLinkedList@VDGWindow@@@@UAEPAXI@Z 0040a450 f i DxGuiFramework:DGWindow.obj
 0001:00009450       ??_G?$DGLinkedList@VDGWindow@@@@UAEPAXI@Z 0040a450 f i DxGuiFramework:DGWindow.obj
 0001:000094b0       ??0?$DGNode@VDGWindow@@@@QAE@HPAVDGWindow@@PAV0@@Z 0040a4b0 f i DxGuiFramework:DGWindow.obj
 0001:00009500       ?RemoveAll@?$DGLinkedList@VDGWindow@@@@QAEXXZ 0040a500 f i DxGuiFramework:DGWindow.obj
 0001:00009580       ?_Iter_cat@std@@YA?AUbidirectional_iterator_tag@1@ABU?$iterator@Ubidirectional_iterator_tag@std@@U?$pair@$$CBIPAVMsgHandlerInterface@@@2@H@1@@Z 0040a580 f i DxGuiFramework:DGWindow.obj
 0001:000095b0       ?_Distance@std@@YAXViterator@?$_Tree@IU?$pair@$$CBIPAVMsgHandlerInterface@@@std@@U_Kfn@?$map@IPAVMsgHandlerInterface@@U?$less@I@std@@V?$allocator@PAVMsgHandlerInterface@@@3@@2@U?$less@I@2@V?$allocator@PAVMsgHandlerInterface@@@2@@1@0AAIUbidirectional_iterator_tag@1@@Z 0040a5b0 f i DxGuiFramework:DGWindow.obj
 0001:00009610       ?_Distance@std@@YAXVconst_iterator@?$_Tree@IU?$pair@$$CBIPAVMsgHandlerInterface@@@std@@U_Kfn@?$map@IPAVMsgHandlerInterface@@U?$less@I@std@@V?$allocator@PAVMsgHandlerInterface@@@3@@2@U?$less@I@2@V?$allocator@PAVMsgHandlerInterface@@@2@@1@0AAIUbidirectional_iterator_tag@1@@Z 0040a610 f i DxGuiFramework:DGWindow.obj
 0001:00009670       ??Econst_iterator@?$_Tree@IU?$pair@$$CBIPAVMsgHandlerInterface@@@std@@U_Kfn@?$map@IPAVMsgHandlerInterface@@U?$less@I@std@@V?$allocator@PAVMsgHandlerInterface@@@3@@2@U?$less@I@2@V?$allocator@PAVMsgHandlerInterface@@@2@@std@@QAEAAV012@XZ 0040a670 f i DxGuiFramework:DGWindow.obj
 0001:000096b0       ??9const_iterator@?$_Tree@IU?$pair@$$CBIPAVMsgHandlerInterface@@@std@@U_Kfn@?$map@IPAVMsgHandlerInterface@@U?$less@I@std@@V?$allocator@PAVMsgHandlerInterface@@@3@@2@U?$less@I@2@V?$allocator@PAVMsgHandlerInterface@@@2@@std@@QBE_NABV012@@Z 0040a6b0 f i DxGuiFramework:DGWindow.obj
 0001:00009700       ??8const_iterator@?$_Tree@IU?$pair@$$CBIPAVMsgHandlerInterface@@@std@@U_Kfn@?$map@IPAVMsgHandlerInterface@@U?$less@I@std@@V?$allocator@PAVMsgHandlerInterface@@@3@@2@U?$less@I@2@V?$allocator@PAVMsgHandlerInterface@@@2@@std@@QBE_NABV012@@Z 0040a700 f i DxGuiFramework:DGWindow.obj
 0001:00009740       ??_9@$BMM@AE               0040a740 f i DxGuiFramework:DGWindow.obj
 0001:00009750       ??0DGMainWindow@@QAE@I_N@Z 0040a750 f   DxGuiFramework:DGMainWindow.obj
 0001:000097e0       ??_GDGMainWindow@@UAEPAXI@Z 0040a7e0 f i DxGuiFramework:DGMainWindow.obj
 0001:000097e0       ??_EDGMainWindow@@UAEPAXI@Z 0040a7e0 f i DxGuiFramework:DGMainWindow.obj
 0001:00009840       ??0DGMainWindow@@QAE@I_NVDGRectangle@@@Z 0040a840 f   DxGuiFramework:DGMainWindow.obj
 0001:000098e0       ??0DGMainWindow@@QAE@I_NVDGPoint@@1@Z 0040a8e0 f   DxGuiFramework:DGMainWindow.obj
 0001:00009970       ??0DGMainWindow@@QAE@I_NHHHH@Z 0040a970 f   DxGuiFramework:DGMainWindow.obj
 0001:00009a10       ??1DGMainWindow@@UAE@XZ    0040aa10 f   DxGuiFramework:DGMainWindow.obj
 0001:00009a50       ?SetPosition@DGMainWindow@@QAIXAAVDGPoint@@@Z 0040aa50 f   DxGuiFramework:DGMainWindow.obj
 0001:00009a90       ?SetPosition@DGMainWindow@@UAIXHH@Z 0040aa90 f   DxGuiFramework:DGMainWindow.obj
 0001:00009ad0       ?SetSize@DGMainWindow@@QAIXAAVDGPoint@@@Z 0040aad0 f   DxGuiFramework:DGMainWindow.obj
 0001:00009b30       ?SetSize@DGMainWindow@@UAIXHH@Z 0040ab30 f   DxGuiFramework:DGMainWindow.obj
 0001:00009b90       ?SetDimensions@DGMainWindow@@QAIXAAVDGArea@@@Z 0040ab90 f   DxGuiFramework:DGMainWindow.obj
 0001:00009bf0       ?SetDimensions@DGMainWindow@@QAIXAAVDGPoint@@0@Z 0040abf0 f   DxGuiFramework:DGMainWindow.obj
 0001:00009c50       ?SetDimensions@DGMainWindow@@UAIXHHHH@Z 0040ac50 f   DxGuiFramework:DGMainWindow.obj
 0001:00009cb0       ?HideWindow@DGMainWindow@@UAIXXZ 0040acb0 f   DxGuiFramework:DGMainWindow.obj
 0001:00009ce0       ?ShowWindow@DGMainWindow@@UAIXXZ 0040ace0 f   DxGuiFramework:DGMainWindow.obj
 0001:00009d10       ?OnWindowReposition@DGMainWindow@@UAIXHH@Z 0040ad10 f   DxGuiFramework:DGMainWindow.obj
 0001:00009d40       ?OnWindowResize@DGMainWindow@@UAIXHH@Z 0040ad40 f   DxGuiFramework:DGMainWindow.obj
 0001:00009d70       ??0DGArea@@QAE@AAVDGRectangle@@@Z 0040ad70 f i DxGuiFramework:DGMainWindow.obj
 0001:00009de0       ?Width@DGRectangle@@QAEHXZ 0040ade0 f i DxGuiFramework:DGMainWindow.obj
 0001:00009e20       ?Height@DGRectangle@@QAEHXZ 0040ae20 f i DxGuiFramework:DGMainWindow.obj
 0001:00009e60       ?GetResolution@DGGraphics@@QAEABVDGPoint@@XZ 0040ae60 f i DxGuiFramework:DGMainWindow.obj
 0001:00009e90       ?SetWindowType@DGWindow@@IAEXI@Z 0040ae90 f i DxGuiFramework:DGMainWindow.obj
 0001:00009ec0       ??0DGGui@@QAE@XZ           0040aec0 f   DxGuiFramework:DGGui.obj
 0001:00009f30       ??_EDGGui@@UAEPAXI@Z       0040af30 f i DxGuiFramework:DGGui.obj
 0001:00009f30       ??_GDGGui@@UAEPAXI@Z       0040af30 f i DxGuiFramework:DGGui.obj
 0001:00009f90       ??1DGGui@@UAE@XZ           0040af90 f   DxGuiFramework:DGGui.obj
 0001:0000a040       ?SetMainWindow@DGGui@@QAEXPAVDGMainWindow@@@Z 0040b040 f   DxGuiFramework:DGGui.obj
 0001:0000a160       ?PostMessageA@DGGui@@QAEXPAVDGMessage@@@Z 0040b160 f   DxGuiFramework:DGGui.obj
 0001:0000a1d0       ?SendMessageA@DGGui@@QAEXPAVDGMessage@@@Z 0040b1d0 f   DxGuiFramework:DGGui.obj
 0001:0000a280       ?GenerateMessages@DGGui@@QAEXXZ 0040b280 f   DxGuiFramework:DGGui.obj
 0001:0000ab80       ?DispatchMessages@DGGui@@QAEXXZ 0040bb80 f   DxGuiFramework:DGGui.obj
 0001:0000ac30       ?GetWindow@DGGui@@QAEPAVDGWindow@@I@Z 0040bc30 f   DxGuiFramework:DGGui.obj
 0001:0000ac70       ?SetWindowFocus@DGGui@@QAEXI@Z 0040bc70 f   DxGuiFramework:DGGui.obj
 0001:0000ad90       ?GetWindowFocus@DGGui@@QAEIXZ 0040bd90 f   DxGuiFramework:DGGui.obj
 0001:0000adc0       ?RemoveWindowFocus@DGGui@@QAEXXZ 0040bdc0 f   DxGuiFramework:DGGui.obj
 0001:0000ae80       ?SetMouseCapture@DGGui@@QAEXI@Z 0040be80 f   DxGuiFramework:DGGui.obj
 0001:0000aeb0       ?ReleaseMouseCapture@DGGui@@QAEXXZ 0040beb0 f   DxGuiFramework:DGGui.obj
 0001:0000aee0       ?GetMouseCapture@DGGui@@QAEIXZ 0040bee0 f   DxGuiFramework:DGGui.obj
 0001:0000af10       ?DrawGUI@DGGui@@QAEXXZ     0040bf10 f   DxGuiFramework:DGGui.obj
 0001:0000af60       ??0?$DGQueue@VDGMessage@@@@QAE@XZ 0040bf60 f i DxGuiFramework:DGGui.obj
 0001:0000afb0       ??1?$DGQueue@VDGMessage@@@@UAE@XZ 0040bfb0 f i DxGuiFramework:DGGui.obj
 0001:0000aff0       ?GetNumOfItems@?$DGLinkedList@VDGMessage@@@@QAEHXZ 0040bff0 f i DxGuiFramework:DGGui.obj
 0001:0000b020       ??_E?$DGQueue@VDGMessage@@@@UAEPAXI@Z 0040c020 f i DxGuiFramework:DGGui.obj
 0001:0000b020       ??_G?$DGQueue@VDGMessage@@@@UAEPAXI@Z 0040c020 f i DxGuiFramework:DGGui.obj
 0001:0000b080       ??0?$DGLinkedList@VDGMessage@@@@QAE@XZ 0040c080 f i DxGuiFramework:DGGui.obj
 0001:0000b0e0       ??1?$DGLinkedList@VDGMessage@@@@UAE@XZ 0040c0e0 f i DxGuiFramework:DGGui.obj
 0001:0000b140       ?Enqueue@?$DGQueue@VDGMessage@@@@QAEXPAVDGMessage@@H@Z 0040c140 f i DxGuiFramework:DGGui.obj
 0001:0000b180       ?Dequeue@?$DGQueue@VDGMessage@@@@QAEPAVDGMessage@@XZ 0040c180 f i DxGuiFramework:DGGui.obj
 0001:0000b1c0       ??_E?$DGLinkedList@VDGMessage@@@@UAEPAXI@Z 0040c1c0 f i DxGuiFramework:DGGui.obj
 0001:0000b1c0       ??_G?$DGLinkedList@VDGMessage@@@@UAEPAXI@Z 0040c1c0 f i DxGuiFramework:DGGui.obj
 0001:0000b220       ?Append@?$DGLinkedList@VDGMessage@@@@QAEXPAVDGMessage@@H@Z 0040c220 f i DxGuiFramework:DGGui.obj
 0001:0000b350       ?DeleteAll@?$DGLinkedList@VDGMessage@@@@QAEXXZ 0040c350 f i DxGuiFramework:DGGui.obj
 0001:0000b400       ?RemoveFirst@?$DGLinkedList@VDGMessage@@@@QAEPAVDGMessage@@XZ 0040c400 f i DxGuiFramework:DGGui.obj
 0001:0000b4a0       ?RemoveAll@?$DGLinkedList@VDGMessage@@@@QAEXXZ 0040c4a0 f i DxGuiFramework:DGGui.obj
 0001:0000b520       ??0?$DGNode@VDGMessage@@@@QAE@HPAVDGMessage@@PAV0@@Z 0040c520 f i DxGuiFramework:DGGui.obj
 0001:0000b570       ?EventsInQueue@DGInput@@QAI_NXZ 0040c570 f i DxGuiFramework:DGGui.obj
 0001:0000b5c0       ?GetNumOfItems@?$DGLinkedList@VInputEvent@@@@QAEHXZ 0040c5c0 f i DxGuiFramework:DGGui.obj
 0001:0000b5f0       ?DGGetApp@@YAPAVDGApplication@@XZ 0040c5f0 f   DxGuiFramework:DxGuiFramework.obj
 0001:0000b620       ?DGGetGraphics@@YAPAVDGGraphics@@XZ 0040c620 f   DxGuiFramework:DxGuiFramework.obj
 0001:0000b650       ?DGGetGui@@YAPAVDGGui@@XZ  0040c650 f   DxGuiFramework:DxGuiFramework.obj
 0001:0000b690       _WinMain@16                0040c690 f   DxGuiFramework:DxGuiFramework.obj
 0001:0000baf0       ?WindowsMessageFunction@@YGJPAUHWND__@@IIJ@Z 0040caf0 f   DxGuiFramework:DxGuiFramework.obj
 0001:0000bb40       ?HandleException@@YAXPAVDGException@@@Z 0040cb40 f   DxGuiFramework:DxGuiFramework.obj
 0001:0000bfa0       ?GetWindowsHandle@DGApplication@@QAEPAUHWND__@@XZ 0040cfa0 f i DxGuiFramework:DxGuiFramework.obj
 0001:0000bfd0       ?GetGui@DGApplication@@QAEPAVDGGui@@XZ 0040cfd0 f i DxGuiFramework:DxGuiFramework.obj
 0001:0000c000       ??0DGGraphics@@QAE@XZ      0040d000 f   DxGuiFramework:DGGraphics.obj
 0001:0000c3f0       ??_GDGGraphics@@UAEPAXI@Z  0040d3f0 f i DxGuiFramework:DGGraphics.obj
 0001:0000c3f0       ??_EDGGraphics@@UAEPAXI@Z  0040d3f0 f i DxGuiFramework:DGGraphics.obj
 0001:0000c450       ??1DGGraphics@@UAE@XZ      0040d450 f   DxGuiFramework:DGGraphics.obj
 0001:0000c5a0       ?SetResolution@DGGraphics@@QAEXVDGPoint@@@Z 0040d5a0 f   DxGuiFramework:DGGraphics.obj
 0001:0000c610       ?SetResolution@DGGraphics@@QAEXHH@Z 0040d610 f   DxGuiFramework:DGGraphics.obj
 0001:0000c690       ?SetWindowedState@DGGraphics@@QAEXI@Z 0040d690 f   DxGuiFramework:DGGraphics.obj
 0001:0000c700       ?SetColorDepth@DGGraphics@@QAEXI@Z 0040d700 f   DxGuiFramework:DGGraphics.obj
 0001:0000c770       ?SetBufferingMode@DGGraphics@@QAEXI@Z 0040d770 f   DxGuiFramework:DGGraphics.obj
 0001:0000c7e0       ?SetSurfacePersistence@DGGraphics@@QAEX_N@Z 0040d7e0 f   DxGuiFramework:DGGraphics.obj
 0001:0000c850       ?SetGraphicsMode@DGGraphics@@QAEXVDGPoint@@III_N@Z 0040d850 f   DxGuiFramework:DGGraphics.obj
 0001:0000d370       ?GetBitmap@DGGraphics@@QAIPAVDGBitmap@@I@Z 0040e370 f   DxGuiFramework:DGGraphics.obj
 0001:0000d3c0       ?LoadBitmapA@DGGraphics@@QAEXII@Z 0040e3c0 f   DxGuiFramework:DGGraphics.obj
 0001:0000d3f0       ?LoadBitmapA@DGGraphics@@QAEXIIPAD@Z 0040e3f0 f   DxGuiFramework:DGGraphics.obj
 0001:0000d4f0       ?LoadBitmapDimensions@DGGraphics@@QAEXIIAAVDGArea@@@Z 0040e4f0 f   DxGuiFramework:DGGraphics.obj
 0001:0000d520       ?LoadBitmapDimensions@DGGraphics@@QAEXIIAAVDGArea@@PAD@Z 0040e520 f   DxGuiFramework:DGGraphics.obj
 0001:0000d620       ?RemoveBitmap@DGGraphics@@QAEXI@Z 0040e620 f   DxGuiFramework:DGGraphics.obj
 0001:0000d670       ?RemoveAllBitmaps@DGGraphics@@QAEXXZ 0040e670 f   DxGuiFramework:DGGraphics.obj
 0001:0000d6b0       ?DeleteBitmap@DGGraphics@@QAEXI@Z 0040e6b0 f   DxGuiFramework:DGGraphics.obj
 0001:0000d700       ?DeleteAllBitmaps@DGGraphics@@QAEXXZ 0040e700 f   DxGuiFramework:DGGraphics.obj
 0001:0000d740       ?EnableAutoClean@DGGraphics@@QAEX_N00@Z 0040e740 f   DxGuiFramework:DGGraphics.obj
 0001:0000d790       ?CleanMaxBitmaps@DGGraphics@@QAEXXZ 0040e790 f   DxGuiFramework:DGGraphics.obj
 0001:0000d7f0       ?CleanMaxBitmapMemory@DGGraphics@@QAEXXZ 0040e7f0 f   DxGuiFramework:DGGraphics.obj
 0001:0000d850       ?CleanBitmap@DGGraphics@@QAEXI@Z 0040e850 f   DxGuiFramework:DGGraphics.obj
 0001:0000d8b0       ?CleanBitmapByPriority@DGGraphics@@QAEXI@Z 0040e8b0 f   DxGuiFramework:DGGraphics.obj
 0001:0000d900       ?CleanAllBitmapsByPriority@DGGraphics@@QAEXI@Z 0040e900 f   DxGuiFramework:DGGraphics.obj
 0001:0000d950       ?SetMaxBitmaps@DGGraphics@@QAEXI@Z 0040e950 f   DxGuiFramework:DGGraphics.obj
 0001:0000d990       ?SetMaxBitmapMemory@DGGraphics@@QAEXI@Z 0040e990 f   DxGuiFramework:DGGraphics.obj
 0001:0000d9d0       ?SetTransparentColor@DGGraphics@@QAEXIAAVDGColor@@@Z 0040e9d0 f   DxGuiFramework:DGGraphics.obj
 0001:0000da20       ?BeginFrame@DGGraphics@@QAEXXZ 0040ea20 f   DxGuiFramework:DGGraphics.obj
 0001:0000dab0       ?EndFrame@DGGraphics@@QAEXXZ 0040eab0 f   DxGuiFramework:DGGraphics.obj
 0001:0000daf0       ?LockSurface@DGGraphics@@QAIXXZ 0040eaf0 f   DxGuiFramework:DGGraphics.obj
 0001:0000dc70       ?UnlockSurface@DGGraphics@@QAIXXZ 0040ec70 f   DxGuiFramework:DGGraphics.obj
 0001:0000dcf0       ?FlipSurface@DGGraphics@@QAIXXZ 0040ecf0 f   DxGuiFramework:DGGraphics.obj
 0001:0000de80       ?SetPixel@DGGraphics@@QAIXHHAAVDGColor@@@Z 0040ee80 f   DxGuiFramework:DGGraphics.obj
 0001:0000dff0       ?DrawHorizontalLine@DGGraphics@@QAIXHHHAAVDGColor@@@Z 0040eff0 f   DxGuiFramework:DGGraphics.obj
 0001:0000e200       ?DrawVerticalLine@DGGraphics@@QAIXHHHAAVDGColor@@@Z 0040f200 f   DxGuiFramework:DGGraphics.obj
 0001:0000e430       ?DrawLine@DGGraphics@@QAIXAAVDGPoint@@0AAVDGColor@@@Z 0040f430 f   DxGuiFramework:DGGraphics.obj
 0001:0000e8b0       ?DrawRectangle@DGGraphics@@QAIXAAVDGRectangle@@AAVDGColor@@@Z 0040f8b0 f   DxGuiFramework:DGGraphics.obj
 0001:0000ee50       ??0DGRectangle@@QAE@XZ     0040fe50 f i DxGuiFramework:DGGraphics.obj
 0001:0000eea0       ?DrawFilledRectangle@DGGraphics@@QAIXAAVDGRectangle@@AAVDGColor@@@Z 0040fea0 f   DxGuiFramework:DGGraphics.obj
 0001:0000f1d0       ?FillArea@DGGraphics@@QAIXAAVDGArea@@AAVDGColor@@@Z 004101d0 f   DxGuiFramework:DGGraphics.obj
 0001:0000f3b0       ?ToRECT@DGArea@@QAE?AUtagRECT@@XZ 004103b0 f i DxGuiFramework:DGGraphics.obj
 0001:0000f430       ?FillScreen@DGGraphics@@QAIXAAVDGColor@@@Z 00410430 f   DxGuiFramework:DGGraphics.obj
 0001:0000f550       ??0DGException@@QAE@PADII0H@Z 00410550 f i DxGuiFramework:DGGraphics.obj
 0001:0000f5d0       ?DrawBitmap@DGGraphics@@QAIXAAVDGPoint@@I@Z 004105d0 f   DxGuiFramework:DGGraphics.obj
 0001:0000f7c0       ??0DGColor@@QAE@XZ         004107c0 f i DxGuiFramework:DGGraphics.obj
 0001:0000f800       ?To16Bit@DGColor@@QAEGXZ   00410800 f i DxGuiFramework:DGGraphics.obj
 0001:0000f870       ?To24Bit@DGColor@@QAEIXZ   00410870 f i DxGuiFramework:DGGraphics.obj
 0001:0000f8d0       ?To32Bit@DGColor@@QAEIXZ   004108d0 f i DxGuiFramework:DGGraphics.obj
 0001:0000f930       ?DrawScaledBitmap@DGGraphics@@QAIXAAVDGArea@@I@Z 00410930 f   DxGuiFramework:DGGraphics.obj
 0001:0000fb00       ??0DGDisplayModeList@@QAE@XZ 00410b00 f i DxGuiFramework:DGGraphics.obj
 0001:0000fb50       ??1DGDisplayModeList@@UAE@XZ 00410b50 f i DxGuiFramework:DGGraphics.obj
 0001:0000fb90       ??_GDGDisplayModeList@@UAEPAXI@Z 00410b90 f i DxGuiFramework:DGGraphics.obj
 0001:0000fb90       ??_EDGDisplayModeList@@UAEPAXI@Z 00410b90 f i DxGuiFramework:DGGraphics.obj
 0001:0000fbf0       ?DrawTransparentBitmap@DGGraphics@@QAIXAAVDGPoint@@IAAVDGColor@@@Z 00410bf0 f   DxGuiFramework:DGGraphics.obj
 0001:0000fe70       ?GetWidth@DGBitmap@@QAEHXZ 00410e70 f i DxGuiFramework:DGGraphics.obj
 0001:0000fea0       ?GetHeight@DGBitmap@@QAEHXZ 00410ea0 f i DxGuiFramework:DGGraphics.obj
 0001:0000fed0       ??1DGBitmapList@@UAE@XZ    00410ed0 f i DxGuiFramework:DGGraphics.obj
 0001:0000ff10       ?GetTotalMemory@DGBitmapList@@QAEIXZ 00410f10 f i DxGuiFramework:DGGraphics.obj
 0001:0000ff40       ?GetNumOfLoadedBitmaps@DGBitmapList@@QAEIXZ 00410f40 f i DxGuiFramework:DGGraphics.obj
 0001:0000ff70       ?DrawTransparentScaledBitmap@DGGraphics@@QAIXAAVDGArea@@IAAVDGColor@@@Z 00410f70 f   DxGuiFramework:DGGraphics.obj
 0001:000101d0       ??_GDGBitmapList@@UAEPAXI@Z 004111d0 f i DxGuiFramework:DGGraphics.obj
 0001:000101d0       ??_EDGBitmapList@@UAEPAXI@Z 004111d0 f i DxGuiFramework:DGGraphics.obj
 0001:00010230       ?DrawTransparentBitmap@DGGraphics@@QAIXAAVDGPoint@@I@Z 00411230 f   DxGuiFramework:DGGraphics.obj
 0001:00010420       ?DrawTransparentScaledBitmap@DGGraphics@@QAIXAAVDGArea@@I@Z 00411420 f   DxGuiFramework:DGGraphics.obj
 0001:000105f0       ?FlipToGDISurface@DGGraphics@@QAEXXZ 004115f0 f   DxGuiFramework:DGGraphics.obj
 0001:00010640       ?SetGDIFont@DGGraphics@@QAIXAAVDGFont@@@Z 00411640 f   DxGuiFramework:DGGraphics.obj
 0001:00010690       ?SetTextTransparency@DGGraphics@@QAIXH@Z 00411690 f   DxGuiFramework:DGGraphics.obj
 0001:00010700       ?SetTextColor@DGGraphics@@QAIXAAVDGColor@@@Z 00411700 f   DxGuiFramework:DGGraphics.obj
 0001:00010740       ?SetTextBackgroundColor@DGGraphics@@QAIXAAVDGColor@@@Z 00411740 f   DxGuiFramework:DGGraphics.obj
 0001:00010780       ?DrawTextA@DGGraphics@@QAIXPADAAVDGRectangle@@I@Z 00411780 f   DxGuiFramework:DGGraphics.obj
 0001:00010a30       ?SetRectangle@DGRectangle@@QAEXHHHH@Z 00411a30 f i DxGuiFramework:DGGraphics.obj
 0001:00010a80       ?ToRECT@DGRectangle@@QAE?AUtagRECT@@XZ 00411a80 f i DxGuiFramework:DGGraphics.obj
 0001:00010af0       ?ToCOLORREF@DGColor@@QAEKXZ 00411af0 f i DxGuiFramework:DGGraphics.obj
 0001:00010b40       ?GetFontHandle@DGFont@@QAEPAUHFONT__@@XZ 00411b40 f i DxGuiFramework:DGGraphics.obj
 0001:00010b70       ?AddClippingArea@DGGraphics@@QAIXAAVDGRectangle@@@Z 00411b70 f   DxGuiFramework:DGGraphics.obj
 0001:00010d20       ?RemoveClippingArea@DGGraphics@@QAIXXZ 00411d20 f   DxGuiFramework:DGGraphics.obj
 0001:00010d80       ?ClearClippingAreas@DGGraphics@@QAIXXZ 00411d80 f   DxGuiFramework:DGGraphics.obj
 0001:00010dc0       ?GetSurface@DGGraphics@@QAIPAVDGSurface@@AAVDGArea@@@Z 00411dc0 f   DxGuiFramework:DGGraphics.obj
 0001:00010eb0       ?ReleaseSurface@DGGraphics@@QAIXPAVDGSurface@@@Z 00411eb0 f   DxGuiFramework:DGGraphics.obj
 0001:00010f40       ?RestoreAllSurfaces@DGGraphics@@AAIXXZ 00411f40 f   DxGuiFramework:DGGraphics.obj
 0001:00011040       ?DestroyAllSurfaces@DGGraphics@@AAIXXZ 00412040 f   DxGuiFramework:DGGraphics.obj
 0001:00011180       ?ClearPrimarySurface@DGGraphics@@AAIXXZ 00412180 f   DxGuiFramework:DGGraphics.obj
 0001:00011250       ?HandleDDrawError@DGGraphics@@QAEXIJPADI@Z 00412250 f   DxGuiFramework:DGGraphics.obj
 0001:00012480       ?EnumDisplayModes@@YGJPAU_DDSURFACEDESC2@@PAX@Z 00413480 f   DxGuiFramework:DGGraphics.obj
 0001:00012540       ??0DGDisplayMode@@QAE@HHH@Z 00413540 f i DxGuiFramework:DGGraphics.obj
 0001:00012590       ?SetDestroy@?$DGLinkedList@VDGBitmap@@@@QAEX_N@Z 00413590 f i DxGuiFramework:DGGraphics.obj
 0001:000125c0       ??0?$DGLinkedList@VDGDisplayMode@@@@QAE@XZ 004135c0 f i DxGuiFramework:DGGraphics.obj
 0001:00012620       ??1?$DGLinkedList@VDGDisplayMode@@@@UAE@XZ 00413620 f i DxGuiFramework:DGGraphics.obj
 0001:00012680       ?Insert@?$DGLinkedList@VDGDisplayMode@@@@QAEXPAVDGDisplayMode@@H@Z 00413680 f i DxGuiFramework:DGGraphics.obj
 0001:00012750       ??1?$DGLinkedList@VDGBitmap@@@@UAE@XZ 00413750 f i DxGuiFramework:DGGraphics.obj
 0001:000127b0       ?GetItemById@?$DGLinkedList@VDGBitmap@@@@QAEPAVDGBitmap@@H@Z 004137b0 f i DxGuiFramework:DGGraphics.obj
 0001:00012820       ??_G?$DGLinkedList@VDGDisplayMode@@@@UAEPAXI@Z 00413820 f i DxGuiFramework:DGGraphics.obj
 0001:00012820       ??_E?$DGLinkedList@VDGDisplayMode@@@@UAEPAXI@Z 00413820 f i DxGuiFramework:DGGraphics.obj
 0001:00012880       ??_G?$DGLinkedList@VDGBitmap@@@@UAEPAXI@Z 00413880 f i DxGuiFramework:DGGraphics.obj
 0001:00012880       ??_E?$DGLinkedList@VDGBitmap@@@@UAEPAXI@Z 00413880 f i DxGuiFramework:DGGraphics.obj
 0001:000128e0       ??0?$DGNode@VDGDisplayMode@@@@QAE@HPAVDGDisplayMode@@PAV0@@Z 004138e0 f i DxGuiFramework:DGGraphics.obj
 0001:00012930       ?DeleteAll@?$DGLinkedList@VDGDisplayMode@@@@QAEXXZ 00413930 f i DxGuiFramework:DGGraphics.obj
 0001:000129c0       ?RemoveAll@?$DGLinkedList@VDGDisplayMode@@@@QAEXXZ 004139c0 f i DxGuiFramework:DGGraphics.obj
 0001:00012a40       ?DeleteAll@?$DGLinkedList@VDGBitmap@@@@QAEXXZ 00413a40 f i DxGuiFramework:DGGraphics.obj
 0001:00012af0       ?RemoveAll@?$DGLinkedList@VDGBitmap@@@@QAEXXZ 00413af0 f i DxGuiFramework:DGGraphics.obj
 0001:00012b70       ??0DGSurface@@QAE@AAVDGArea@@@Z 00413b70 f   DxGuiFramework:DGSurface.obj
 0001:00012c00       ??_GDGSurface@@UAEPAXI@Z   00413c00 f i DxGuiFramework:DGSurface.obj
 0001:00012c00       ??_EDGSurface@@UAEPAXI@Z   00413c00 f i DxGuiFramework:DGSurface.obj
 0001:00012c60       ??1DGSurface@@UAE@XZ       00413c60 f   DxGuiFramework:DGSurface.obj
 0001:00012cc0       ?SetWindowOrg@DGSurface@@QAEXVDGPoint@@@Z 00413cc0 f   DxGuiFramework:DGSurface.obj
 0001:00012d40       ?RemoveWindowOrg@DGSurface@@QAEXXZ 00413d40 f   DxGuiFramework:DGSurface.obj
 0001:00012da0       ?SetPixel@DGSurface@@QAIXHHAAVDGColor@@@Z 00413da0 f   DxGuiFramework:DGSurface.obj
 0001:00012e60       ?DrawHorizontalLine@DGSurface@@QAIXHHHAAVDGColor@@@Z 00413e60 f   DxGuiFramework:DGSurface.obj
 0001:00012fe0       ?DrawVerticalLine@DGSurface@@QAIXHHHAAVDGColor@@@Z 00413fe0 f   DxGuiFramework:DGSurface.obj
 0001:00013160       ?DrawLine@DGSurface@@QAIXVDGPoint@@0AAVDGColor@@@Z 00414160 f   DxGuiFramework:DGSurface.obj
 0001:00013680       ?DrawRectangle@DGSurface@@QAIXVDGRectangle@@AAVDGColor@@@Z 00414680 f   DxGuiFramework:DGSurface.obj
 0001:00013880       ?DrawFilledRectangle@DGSurface@@QAIXVDGRectangle@@AAVDGColor@@@Z 00414880 f   DxGuiFramework:DGSurface.obj
 0001:00013a50       ??0DGArea@@QAE@XZ          00414a50 f i DxGuiFramework:DGSurface.obj
 0001:00013aa0       ??0DGApplication@@QAE@XZ   00414aa0 f   DxGuiFramework:DGApplication.obj
 0001:00013c40       ??_EDGApplication@@UAEPAXI@Z 00414c40 f i DxGuiFramework:DGApplication.obj
 0001:00013c40       ??_GDGApplication@@UAEPAXI@Z 00414c40 f i DxGuiFramework:DGApplication.obj
 0001:00013ca0       ??1DGApplication@@UAE@XZ   00414ca0 f   DxGuiFramework:DGApplication.obj
 0001:00013d20       ?PreInitApp@DGApplication@@UAEXXZ 00414d20 f   DxGuiFramework:DGApplication.obj
 0001:00013d50       ?InitApp@DGApplication@@UAEXXZ 00414d50 f   DxGuiFramework:DGApplication.obj
 0001:00013dc0       ?DestroyApp@DGApplication@@UAEXXZ 00414dc0 f   DxGuiFramework:DGApplication.obj
 0001:00013df0       ?TerminateApp@DGApplication@@QAEXXZ 00414df0 f   DxGuiFramework:DGApplication.obj
 0001:00013e40       ?RunApp@DGApplication@@MAEXXZ 00414e40 f   DxGuiFramework:DGApplication.obj
 0001:000140c0       ?PreGUIMessage@DGApplication@@MAEXXZ 004150c0 f   DxGuiFramework:DGApplication.obj
 0001:000140f0       ?PreGUIDraw@DGApplication@@MAEXXZ 004150f0 f   DxGuiFramework:DGApplication.obj
 0001:00014120       ?PostGUIDraw@DGApplication@@MAEXXZ 00415120 f   DxGuiFramework:DGApplication.obj
 0001:00014150       ?HandleWindowsMessages@DGApplication@@EAEXXZ 00415150 f   DxGuiFramework:DGApplication.obj
 0001:000141d0       ?WindowsMessageFunction@DGApplication@@AAGJPAUHWND__@@IIJ@Z 004151d0 f   DxGuiFramework:DGApplication.obj
 0001:00014840       ?GetWindowedState@DGGraphics@@QAEIXZ 00415840 f i DxGuiFramework:DGApplication.obj
 0001:00014870       ?SetClientRect@DGGraphics@@QAEXAAUtagRECT@@@Z 00415870 f i DxGuiFramework:DGApplication.obj
 0001:000148c0       ?ClearEventQueue@DGInput@@QAIXXZ 004158c0 f i DxGuiFramework:DGApplication.obj
 0001:00014900       ?DeleteAll@?$DGLinkedList@VInputEvent@@@@QAEXXZ 00415900 f i DxGuiFramework:DGApplication.obj
 0001:00014990       ??0DGFont@@QAE@XZ          00415990 f   DxGuiFramework:DGFont.obj
 0001:00014b90       ??0DGFont@@QAE@PBDHH_N11@Z 00415b90 f   DxGuiFramework:DGFont.obj
 0001:00014d90       ??4DGFont@@QAEAAV0@AAV0@@Z 00415d90 f   DxGuiFramework:DGFont.obj
 0001:00014fb0       ??1DGFont@@UAE@XZ          00415fb0 f   DxGuiFramework:DGFont.obj
 0001:00015000       ??_EDGFont@@UAEPAXI@Z      00416000 f i DxGuiFramework:DGFont.obj
 0001:00015000       ??_GDGFont@@UAEPAXI@Z      00416000 f i DxGuiFramework:DGFont.obj
 0001:00015060       ??0DGTitleBar@@QAE@IPAVDGWindow@@HHHHPADVDGFont@@@Z 00416060 f   DxGuiFramework:DGTitleBar.obj
 0001:00015130       ??_EDGTitleBar@@UAEPAXI@Z  00416130 f i DxGuiFramework:DGTitleBar.obj
 0001:00015130       ??_GDGTitleBar@@UAEPAXI@Z  00416130 f i DxGuiFramework:DGTitleBar.obj
 0001:00015190       ??1DGButton@@UAE@XZ        00416190 f i DxGuiFramework:DGTitleBar.obj
 0001:00015210       ??1DGTitleBar@@UAE@XZ      00416210 f i DxGuiFramework:DGTitleBar.obj
 0001:00015250       ??0DGTitleBar@@QAE@IPAVDGWindow@@ABVDGArea@@PADVDGFont@@@Z 00416250 f   DxGuiFramework:DGTitleBar.obj
 0001:00015310       ??0DGTitleBar@@QAE@IPAVDGWindow@@ABVDGPoint@@1PADVDGFont@@@Z 00416310 f   DxGuiFramework:DGTitleBar.obj
 0001:000153e0       ?OnCreate@DGTitleBar@@MAIXXZ 004163e0 f   DxGuiFramework:DGTitleBar.obj
 0001:00015420       ?OnLButtonDown@DGTitleBar@@MAIXHHPAE@Z 00416420 f   DxGuiFramework:DGTitleBar.obj
 0001:000155a0       ?OnLButtonUp@DGTitleBar@@MAIXHHPAE@Z 004165a0 f   DxGuiFramework:DGTitleBar.obj
 0001:00015600       ?OnMouseMove@DGTitleBar@@MAIXHHPAE@Z 00416600 f   DxGuiFramework:DGTitleBar.obj
 0001:00015710       ??0DGFont@@QAE@ABV0@@Z     00416710 f i DxGuiFramework:DGTitleBar.obj
 0001:00015800       ?GetPressure@DGButton@@QAE_NXZ 00416800 f i DxGuiFramework:DGTitleBar.obj
 0001:00015830       ??0DGEdit@@QAE@IPAVDGWindow@@@Z 00416830 f   DxGuiFramework:DGEdit.obj
 0001:00015920       ??_EDGEdit@@UAEPAXI@Z      00416920 f i DxGuiFramework:DGEdit.obj
 0001:00015920       ??_GDGEdit@@UAEPAXI@Z      00416920 f i DxGuiFramework:DGEdit.obj
 0001:00015980       ??1DGEdit@@UAE@XZ          00416980 f i DxGuiFramework:DGEdit.obj
 0001:00015a00       ??0DGEdit@@QAE@IPAVDGWindow@@HHHHPADVDGColor@@2VDGFont@@_N@Z 00416a00 f   DxGuiFramework:DGEdit.obj
 0001:00015b60       ??0DGEdit@@QAE@IPAVDGWindow@@ABVDGArea@@PADVDGColor@@3VDGFont@@_N@Z 00416b60 f   DxGuiFramework:DGEdit.obj
 0001:00015cc0       ??0DGEdit@@QAE@IPAVDGWindow@@ABVDGPoint@@1PADVDGColor@@3VDGFont@@_N@Z 00416cc0 f   DxGuiFramework:DGEdit.obj
 0001:00015e20       ?OnDrawWindow@DGEdit@@MAIXPAVDGWindowSurface@@@Z 00416e20 f   DxGuiFramework:DGEdit.obj
 0001:00016020       ?OnLButtonUp@DGEdit@@MAIXHHPAE@Z 00417020 f   DxGuiFramework:DGEdit.obj
 0001:00016070       ?OnLButtonDblClk@DGEdit@@MAIXHHPAE@Z 00417070 f   DxGuiFramework:DGEdit.obj
 0001:000160d0       ?OnCharacter@DGEdit@@MAIXDPAE@Z 004170d0 f   DxGuiFramework:DGEdit.obj
 0001:00016350       ?GetHeight@DGFont@@QAEHXZ  00417350 f i DxGuiFramework:DGEdit.obj
 0001:00016380       ?DrawVerticalLine@DGWindowSurface@@QAIXHHHAAVDGColor@@@Z 00417380 f i DxGuiFramework:DGEdit.obj
 0001:000163e0       ?SetGDIFont@DGWindowSurface@@QAIXAAVDGFont@@@Z 004173e0 f i DxGuiFramework:DGEdit.obj
 0001:00016420       ?SetGDIFont@DGSurface@@QAIXAAVDGFont@@@Z 00417420 f i DxGuiFramework:DGEdit.obj
 0001:00016460       ?SetTextColor@DGWindowSurface@@QAIXAAVDGColor@@@Z 00417460 f i DxGuiFramework:DGEdit.obj
 0001:000164a0       ?SetTextColor@DGSurface@@QAIXAAVDGColor@@@Z 004174a0 f i DxGuiFramework:DGEdit.obj
 0001:000164e0       ?DrawTextA@DGWindowSurface@@QAIXPADAAVDGRectangle@@I@Z 004174e0 f i DxGuiFramework:DGEdit.obj
 0001:00016570       ?DrawTextA@DGSurface@@QAIXPADAAVDGRectangle@@I@Z 00417570 f i DxGuiFramework:DGEdit.obj
 0001:00016600       ??0DGImage@@QAE@IPAVDGWindow@@HHHHI_NVDGColor@@1@Z 00417600 f   DxGuiFramework:DGImage.obj
 0001:00016720       ??_EDGImage@@UAEPAXI@Z     00417720 f i DxGuiFramework:DGImage.obj
 0001:00016720       ??_GDGImage@@UAEPAXI@Z     00417720 f i DxGuiFramework:DGImage.obj
 0001:00016780       ??1DGImage@@UAE@XZ         00417780 f i DxGuiFramework:DGImage.obj
 0001:000167c0       ??0DGImage@@QAE@IPAVDGWindow@@ABVDGArea@@I_NVDGColor@@2@Z 004177c0 f   DxGuiFramework:DGImage.obj
 0001:000168d0       ??0DGImage@@QAE@IPAVDGWindow@@ABVDGPoint@@1I_NVDGColor@@2@Z 004178d0 f   DxGuiFramework:DGImage.obj
 0001:000169f0       ?LoadBitmapFile@DGImage@@QAEXPADH@Z 004179f0 f   DxGuiFramework:DGImage.obj
 0001:00016b40       ?SetTransparency@DGImage@@QAEX_N@Z 00417b40 f   DxGuiFramework:DGImage.obj
 0001:00016bb0       ?SetTransparentColor@DGImage@@QAEXVDGColor@@@Z 00417bb0 f   DxGuiFramework:DGImage.obj
 0001:00016c30       ?SetBitmapOrigin@DGImage@@QAEXVDGPoint@@@Z 00417c30 f   DxGuiFramework:DGImage.obj
 0001:00016c70       ?GetBitmapSize@DGImage@@QAE?AVDGPoint@@XZ 00417c70 f   DxGuiFramework:DGImage.obj
 0001:00016d00       ?OnDrawWindow@DGImage@@MAIXPAVDGWindowSurface@@@Z 00417d00 f   DxGuiFramework:DGImage.obj
 0001:00016dd0       ?OnLButtonDown@DGImage@@MAIXHHPAE@Z 00417dd0 f   DxGuiFramework:DGImage.obj
 0001:00016f30       ?OnLButtonUp@DGImage@@MAIXHHPAE@Z 00417f30 f   DxGuiFramework:DGImage.obj
 0001:00017090       ?OnLButtonDblClk@DGImage@@MAIXHHPAE@Z 00418090 f   DxGuiFramework:DGImage.obj
 0001:000171f0       ?OnMButtonDown@DGImage@@MAIXHHPAE@Z 004181f0 f   DxGuiFramework:DGImage.obj
 0001:00017350       ?OnMButtonUp@DGImage@@MAIXHHPAE@Z 00418350 f   DxGuiFramework:DGImage.obj
 0001:000174b0       ?OnMButtonDblClk@DGImage@@MAIXHHPAE@Z 004184b0 f   DxGuiFramework:DGImage.obj
 0001:00017610       ?OnRButtonDown@DGImage@@MAIXHHPAE@Z 00418610 f   DxGuiFramework:DGImage.obj
 0001:00017770       ?OnRButtonUp@DGImage@@MAIXHHPAE@Z 00418770 f   DxGuiFramework:DGImage.obj
 0001:000178d0       ?OnRButtonDblClk@DGImage@@MAIXHHPAE@Z 004188d0 f   DxGuiFramework:DGImage.obj
 0001:00017a30       ?OnMouseMove@DGImage@@MAIXHHPAE@Z 00418a30 f   DxGuiFramework:DGImage.obj
 0001:00017b90       ?DrawBitmap@DGWindowSurface@@QAIXVDGPoint@@I@Z 00418b90 f i DxGuiFramework:DGImage.obj
 0001:00017bf0       ?DrawBitmap@DGSurface@@QAIXVDGPoint@@I@Z 00418bf0 f i DxGuiFramework:DGImage.obj
 0001:00017c50       ?DrawTransparentBitmap@DGWindowSurface@@QAIXVDGPoint@@I@Z 00418c50 f i DxGuiFramework:DGImage.obj
 0001:00017cb0       ?DrawTransparentBitmap@DGSurface@@QAIXVDGPoint@@I@Z 00418cb0 f i DxGuiFramework:DGImage.obj
 0001:00017d10       ??0DGDebugLog@@QAE@XZ      00418d10 f   DxGuiFramework:DGDebugLog.obj
 0001:00017da0       ??_GDGDebugLog@@UAEPAXI@Z  00418da0 f i DxGuiFramework:DGDebugLog.obj
 0001:00017da0       ??_EDGDebugLog@@UAEPAXI@Z  00418da0 f i DxGuiFramework:DGDebugLog.obj
 0001:00017e00       ??_Dfstream@@QAEXXZ        00418e00 f i DxGuiFramework:DGDebugLog.obj
 0001:00017e50       ??0DGDebugLog@@QAE@PAD@Z   00418e50 f   DxGuiFramework:DGDebugLog.obj
 0001:00017ee0       ??1DGDebugLog@@UAE@XZ      00418ee0 f   DxGuiFramework:DGDebugLog.obj
 0001:00017f60       ?LogString@DGDebugLog@@QAEXPAD@Z 00418f60 f   DxGuiFramework:DGDebugLog.obj
 0001:00017fa0       ??0DGButton@@QAE@IPAVDGWindow@@@Z 00418fa0 f   DxGuiFramework:DGButton.obj
 0001:000180e0       ??_EDGButton@@UAEPAXI@Z    004190e0 f i DxGuiFramework:DGButton.obj
 0001:000180e0       ??_GDGButton@@UAEPAXI@Z    004190e0 f i DxGuiFramework:DGButton.obj
 0001:00018140       ??0DGButton@@QAE@IPAVDGWindow@@HHHHIPADVDGFont@@@Z 00419140 f   DxGuiFramework:DGButton.obj
 0001:000182b0       ??0DGButton@@QAE@IPAVDGWindow@@ABVDGArea@@IPADVDGFont@@@Z 004192b0 f   DxGuiFramework:DGButton.obj
 0001:00018410       ??0DGButton@@QAE@IPAVDGWindow@@ABVDGPoint@@1IPADVDGFont@@@Z 00419410 f   DxGuiFramework:DGButton.obj
 0001:00018570       ?SetFont@DGButton@@UAEXVDGFont@@@Z 00419570 f   DxGuiFramework:DGButton.obj
 0001:00018640       ?GetFont@DGButton@@QAE?AVDGFont@@XZ 00419640 f   DxGuiFramework:DGButton.obj
 0001:000186c0       ?SetText@DGButton@@UAEXPBD@Z 004196c0 f   DxGuiFramework:DGButton.obj
 0001:00018750       ?GetText@DGButton@@QAEQADXZ 00419750 f   DxGuiFramework:DGButton.obj
 0001:000187b0       ?SetState@DGButton@@QAEXI@Z 004197b0 f   DxGuiFramework:DGButton.obj
 0001:000187e0       ?SetType@DGButton@@QAEXI@Z 004197e0 f   DxGuiFramework:DGButton.obj
 0001:00018820       ?SetTextColor@DGButton@@QAEXAAVDGColor@@@Z 00419820 f   DxGuiFramework:DGButton.obj
 0001:000188a0       ?SetButtonColor@DGButton@@QAEXAAVDGColor@@@Z 004198a0 f   DxGuiFramework:DGButton.obj
 0001:000188e0       ?OnDrawWindow@DGButton@@MAIXPAVDGWindowSurface@@@Z 004198e0 f   DxGuiFramework:DGButton.obj
 0001:000189c0       ?OnCreate@DGButton@@MAIXXZ 004199c0 f   DxGuiFramework:DGButton.obj
 0001:00018cf0       ?OnLButtonDown@DGButton@@MAIXHHPAE@Z 00419cf0 f   DxGuiFramework:DGButton.obj
 0001:00018ef0       ?OnLButtonDblClk@DGButton@@MAIXHHPAE@Z 00419ef0 f   DxGuiFramework:DGButton.obj
 0001:00018f50       ?OnLButtonUp@DGButton@@MAIXHHPAE@Z 00419f50 f   DxGuiFramework:DGButton.obj
 0001:00019060       ?OnMouseLeave@DGButton@@MAIXHHPAE@Z 0041a060 f   DxGuiFramework:DGButton.obj
 0001:000190a0       ?OnWindowSizing@DGButton@@MAIXXZ 0041a0a0 f   DxGuiFramework:DGButton.obj
 0001:000190f0       ?OnWindowSized@DGButton@@MAIXXZ 0041a0f0 f   DxGuiFramework:DGButton.obj
 0001:00019170       ?OnChildWindowMessage@DGButton@@MAEXPAVDGMessage@@@Z 0041a170 f   DxGuiFramework:DGButton.obj
 0001:00019250       ?OnDrawNormal@DGButton@@MAIXPAVDGWindowSurface@@@Z 0041a250 f   DxGuiFramework:DGButton.obj
 0001:000193c0       ?OnDrawNormalDisabled@DGButton@@MAIXPAVDGWindowSurface@@@Z 0041a3c0 f   DxGuiFramework:DGButton.obj
 0001:000193f0       ?OnDrawDepressed@DGButton@@MAIXPAVDGWindowSurface@@@Z 0041a3f0 f   DxGuiFramework:DGButton.obj
 0001:00019550       ?OnDrawDepressedDisabled@DGButton@@MAIXPAVDGWindowSurface@@@Z 0041a550 f   DxGuiFramework:DGButton.obj
 0001:00019580       ??0?$MsgHandlerFunction@VDGButton@@@@QAE@PAVDGButton@@P81@AEXPAVDGMessage@@@Z@Z 0041a580 f i DxGuiFramework:DGButton.obj
 0001:000195e0       ??R?$MsgHandlerFunction@VDGButton@@@@UAEXPAVDGMessage@@@Z 0041a5e0 f i DxGuiFramework:DGButton.obj
 0001:00019630       ?Call@?$MsgHandlerFunction@VDGButton@@@@UAEXPAVDGMessage@@@Z 0041a630 f i DxGuiFramework:DGButton.obj
 0001:00019680       ??_9@$BNI@AE               0041a680 f i DxGuiFramework:DGButton.obj
 0001:00019690       ?DrawHorizontalLine@DGWindowSurface@@QAIXHHHAAVDGColor@@@Z 0041a690 f i DxGuiFramework:DGButton.obj
 0001:000196f0       ?SetForegroundColor@DGLabel@@QAEXVDGColor@@@Z 0041a6f0 f i DxGuiFramework:DGButton.obj
 0001:00019730       ?SetFont@DGLabel@@QAEXVDGFont@@@Z 0041a730 f i DxGuiFramework:DGButton.obj
 0001:000197b0       ?SetText@DGLabel@@QAEXPBD@Z 0041a7b0 f i DxGuiFramework:DGButton.obj
 0001:00019800       ??0DGLabel@@QAE@IPAVDGWindow@@@Z 0041a800 f   DxGuiFramework:DGLabel.obj
 0001:000198c0       ??_EDGLabel@@UAEPAXI@Z     0041a8c0 f i DxGuiFramework:DGLabel.obj
 0001:000198c0       ??_GDGLabel@@UAEPAXI@Z     0041a8c0 f i DxGuiFramework:DGLabel.obj
 0001:00019920       ??1DGLabel@@UAE@XZ         0041a920 f i DxGuiFramework:DGLabel.obj
 0001:000199a0       ??0DGLabel@@QAE@IPAVDGWindow@@HHHHPAD_NVDGColor@@3IVDGFont@@2@Z 0041a9a0 f   DxGuiFramework:DGLabel.obj
 0001:00019af0       ??0DGLabel@@QAE@IPAVDGWindow@@ABVDGArea@@PAD_NVDGColor@@4IVDGFont@@3@Z 0041aaf0 f   DxGuiFramework:DGLabel.obj
 0001:00019c30       ??0DGLabel@@QAE@IPAVDGWindow@@ABVDGPoint@@1PAD_NVDGColor@@4IVDGFont@@3@Z 0041ac30 f   DxGuiFramework:DGLabel.obj
 0001:00019d70       ?OnDrawWindow@DGLabel@@MAIXPAVDGWindowSurface@@@Z 0041ad70 f   DxGuiFramework:DGLabel.obj
 0001:00019e30       ?OnLButtonDown@DGLabel@@MAIXHHPAE@Z 0041ae30 f   DxGuiFramework:DGLabel.obj
 0001:00019f90       ?OnLButtonUp@DGLabel@@MAIXHHPAE@Z 0041af90 f   DxGuiFramework:DGLabel.obj
 0001:0001a0f0       ?OnLButtonDblClk@DGLabel@@MAIXHHPAE@Z 0041b0f0 f   DxGuiFramework:DGLabel.obj
 0001:0001a250       ?OnMButtonDown@DGLabel@@MAIXHHPAE@Z 0041b250 f   DxGuiFramework:DGLabel.obj
 0001:0001a3b0       ?OnMButtonUp@DGLabel@@MAIXHHPAE@Z 0041b3b0 f   DxGuiFramework:DGLabel.obj
 0001:0001a510       ?OnMButtonDblClk@DGLabel@@MAIXHHPAE@Z 0041b510 f   DxGuiFramework:DGLabel.obj
 0001:0001a670       ?OnRButtonDown@DGLabel@@MAIXHHPAE@Z 0041b670 f   DxGuiFramework:DGLabel.obj
 0001:0001a7d0       ?OnRButtonUp@DGLabel@@MAIXHHPAE@Z 0041b7d0 f   DxGuiFramework:DGLabel.obj
 0001:0001a930       ?OnRButtonDblClk@DGLabel@@MAIXHHPAE@Z 0041b930 f   DxGuiFramework:DGLabel.obj
 0001:0001aa90       ?OnMouseMove@DGLabel@@MAIXHHPAE@Z 0041ba90 f   DxGuiFramework:DGLabel.obj
 0001:0001abf0       ??0DGInput@@QAE@XZ         0041bbf0 f   DxGuiFramework:DGInput.obj
 0001:0001ac50       ??_EDGInput@@UAEPAXI@Z     0041bc50 f i DxGuiFramework:DGInput.obj
 0001:0001ac50       ??_GDGInput@@UAEPAXI@Z     0041bc50 f i DxGuiFramework:DGInput.obj
 0001:0001acb0       ??1DGInput@@UAE@XZ         0041bcb0 f   DxGuiFramework:DGInput.obj
 0001:0001ad10       ?CreateEventA@DGInput@@QAIXIIJPAE@Z 0041bd10 f   DxGuiFramework:DGInput.obj
 0001:0001add0       ?GetEvent@DGInput@@QAIPAVInputEvent@@XZ 0041bdd0 f   DxGuiFramework:DGInput.obj
 0001:0001ae10       ?RemoveEvent@DGInput@@QAIPAVInputEvent@@XZ 0041be10 f   DxGuiFramework:DGInput.obj
 0001:0001ae50       ??0?$DGQueue@VInputEvent@@@@QAE@XZ 0041be50 f i DxGuiFramework:DGInput.obj
 0001:0001aea0       ??1?$DGQueue@VInputEvent@@@@UAE@XZ 0041bea0 f i DxGuiFramework:DGInput.obj
 0001:0001aee0       ??_G?$DGQueue@VInputEvent@@@@UAEPAXI@Z 0041bee0 f i DxGuiFramework:DGInput.obj
 0001:0001aee0       ??_E?$DGQueue@VInputEvent@@@@UAEPAXI@Z 0041bee0 f i DxGuiFramework:DGInput.obj
 0001:0001af40       ??0?$DGLinkedList@VInputEvent@@@@QAE@XZ 0041bf40 f i DxGuiFramework:DGInput.obj
 0001:0001afa0       ??1?$DGLinkedList@VInputEvent@@@@UAE@XZ 0041bfa0 f i DxGuiFramework:DGInput.obj
 0001:0001b000       ?GetFirstItem@?$DGLinkedList@VInputEvent@@@@QAEPAVInputEvent@@XZ 0041c000 f i DxGuiFramework:DGInput.obj
 0001:0001b050       ?Enqueue@?$DGQueue@VInputEvent@@@@QAEXPAVInputEvent@@H@Z 0041c050 f i DxGuiFramework:DGInput.obj
 0001:0001b090       ?Dequeue@?$DGQueue@VInputEvent@@@@QAEPAVInputEvent@@XZ 0041c090 f i DxGuiFramework:DGInput.obj
 0001:0001b0d0       ??_E?$DGLinkedList@VInputEvent@@@@UAEPAXI@Z 0041c0d0 f i DxGuiFramework:DGInput.obj
 0001:0001b0d0       ??_G?$DGLinkedList@VInputEvent@@@@UAEPAXI@Z 0041c0d0 f i DxGuiFramework:DGInput.obj
 0001:0001b130       ?Append@?$DGLinkedList@VInputEvent@@@@QAEXPAVInputEvent@@H@Z 0041c130 f i DxGuiFramework:DGInput.obj
 0001:0001b260       ?RemoveFirst@?$DGLinkedList@VInputEvent@@@@QAEPAVInputEvent@@XZ 0041c260 f i DxGuiFramework:DGInput.obj
 0001:0001b300       ?RemoveAll@?$DGLinkedList@VInputEvent@@@@QAEXXZ 0041c300 f i DxGuiFramework:DGInput.obj
 0001:0001b380       ??0?$DGNode@VInputEvent@@@@QAE@HPAVInputEvent@@PAV0@@Z 0041c380 f i DxGuiFramework:DGInput.obj
 0001:0001b3d0       ??0InputEvent@@QAE@IIIPAE@Z 0041c3d0 f i DxGuiFramework:DGInput.obj
 0001:0001b440       ??0DGBitmapList@@QAE@XZ    0041c440 f   DxGuiFramework:DGBitmapList.obj
 0001:0001b4b0       ??0DGBitmapList@@QAE@_N@Z  0041c4b0 f   DxGuiFramework:DGBitmapList.obj
 0001:0001b520       ?RemoveFirstBitmapByPriority@DGBitmapList@@QAEXI@Z 0041c520 f   DxGuiFramework:DGBitmapList.obj
 0001:0001b5f0       ?RemoveAllBitmapsByPriority@DGBitmapList@@QAEXI@Z 0041c5f0 f   DxGuiFramework:DGBitmapList.obj
 0001:0001b6b0       ?RemoveFirstLowestPriorityBitmap@DGBitmapList@@QAEXXZ 0041c6b0 f   DxGuiFramework:DGBitmapList.obj
 0001:0001b780       ?RemoveAllLowestPriorityBitmaps@DGBitmapList@@QAEXXZ 0041c780 f   DxGuiFramework:DGBitmapList.obj
 0001:0001b840       ?RemoveAllBitmaps@DGBitmapList@@QAEXXZ 0041c840 f   DxGuiFramework:DGBitmapList.obj
 0001:0001b8e0       ?RestoreBitmaps@DGBitmapList@@QAEXXZ 0041c8e0 f   DxGuiFramework:DGBitmapList.obj
 0001:0001b970       ?ProcessNewPriority@DGBitmapList@@AAEXI@Z 0041c970 f   DxGuiFramework:DGBitmapList.obj
 0001:0001b9c0       ?UpdatePriorities@DGBitmapList@@AAEXXZ 0041c9c0 f   DxGuiFramework:DGBitmapList.obj
 0001:0001baa0       ?UpdateLoadedBitmaps@DGBitmapList@@AAEXXZ 0041caa0 f   DxGuiFramework:DGBitmapList.obj
 0001:0001bb40       ?Insert@DGBitmapList@@QAEXPAVDGBitmap@@H@Z 0041cb40 f   DxGuiFramework:DGBitmapList.obj
 0001:0001bbc0       ?Append@DGBitmapList@@QAEXPAVDGBitmap@@H@Z 0041cbc0 f   DxGuiFramework:DGBitmapList.obj
 0001:0001bc40       ?InsertAtPosition@DGBitmapList@@QAEXHPAVDGBitmap@@H@Z 0041cc40 f   DxGuiFramework:DGBitmapList.obj
[...]
 0001:00023f84       UnwindDown5                00424f84 f   LIBCD:memcpy.obj
 0001:00023f8c       UnwindDown4                00424f8c f   LIBCD:memcpy.obj
 0001:00023f94       UnwindDown3                00424f94 f   LIBCD:memcpy.obj
 0001:00023f9c       UnwindDown2                00424f9c f   LIBCD:memcpy.obj
 0001:00023fa4       UnwindDown1                00424fa4 f   LIBCD:memcpy.obj
 0001:00023fb7       UnwindDown0                00424fb7 f   LIBCD:memcpy.obj
 0001:00023fd0       TrailDown0                 00424fd0 f   LIBCD:memcpy.obj
 0001:00023fd8       TrailDown1                 00424fd8 f   LIBCD:memcpy.obj
 0001:00023fe8       TrailDown2                 00424fe8 f   LIBCD:memcpy.obj
 0001:00023ffc       TrailDown3                 00424ffc f   LIBCD:memcpy.obj
 0001:00023d00       CopyUp                     00424d00 f   LIBCD:memcpy.obj
 0001:00023d1c       CopyLeadUp                 00424d1c f   LIBCD:memcpy.obj
 0001:00023d34       ByteCopyUp                 00424d34 f   LIBCD:memcpy.obj
 0001:00023d3c       CopyUnwindUp               00424d3c f   LIBCD:memcpy.obj
 0001:00023e78       CopyDown                   00424e78 f   LIBCD:memcpy.obj
 0001:00023ea0       CopyUnwindDown             00424ea0 f   LIBCD:memcpy.obj
 0001:00023eac       CopyLeadDown               00424eac f   LIBCD:memcpy.obj
 0001:00023ec4       ByteCopyDown               00424ec4 f   LIBCD:memcpy.obj
 0001:00023850       _fast_error_exit           00424850 f   LIBCD:wincrt0.obj
 0001:000231f8       _gu_return                 004241f8 f   LIBCD:exsup.obj
 0001:00023200       __unwind_handler           00424200 f   LIBCD:exsup.obj
 0001:00022fb0       ?CatchGuardHandler@@YA?AW4_EXCEPTION_DISPOSITION@@PAUEHExceptionRecord@@PAUCatchGuardRN@@PAX2@Z 00423fb0 f   LIBCD:trnsctrl.obj
 0001:000230c0       ?TranslatorGuardHandler@@YA?AW4_EXCEPTION_DISPOSITION@@PAUEHExceptionRecord@@PAUTranslatorGuardRN@@PAX2@Z 004240c0 f   LIBCD:trnsctrl.obj

FIXUPS: 24796 39 c 17 10 2b 9 27 9 fffffd86 2a 45 4b fffffeec fffffd4b
FIXUPS: 2430a 12 6c 2d 18 fffffe27 fffffca4 60 33 63 4f 131 19 4d 4a fffffc2c
FIXUPS: 23dc2 c32 c 1d 16 15 16 14 11 14 16 14 f e 1e 20 16 15 16 14 16
FIXUPS: 24b9b 19 19 a 1c fffffb4c e f 10 a 5 5 122a 2a3 fffff9c7 1ae fffffd1e
FIXUPS: 254fb c 10 29 2a ffffff1c fffffbbb 1a 13 28 30 30 fffffb11 5 a
FIXUPS: 248c1 1e d 19 16 14 2c 1b 17 27 16 16 2799 fffffc4d fffff9fe 2a0
FIXUPS: 26abe 34 37 60 21 20 1d 11 15 15 fffffa5f 35 18 a6 10 fffffcb8
FIXUPS: 2644a 28 76 6e 7d 41 fffff784 13 dd 23f fffffc1a 59 2eba 20 31
FIXUPS: 28c6d 4f 3a 31 18 45 18 1f 8c 69 2a 34 39 16 7c 2a 28 ffffddbc
FIXUPS: 26e34 40 40 43 4d 40 43 50 50 4d 65 f2d 1c 18 1f 62 51 60 5a ac
FIXUPS: 28307 51 2b 28 28 28 a0 2b 32 2b 39 20 49 33 142 17 1c 4c 58 b1
FIXUPS: 289bf 76 11e ffffed62 66 25 25 b3 19 59 5f 54 85 29 1f 2a 1c 50
FIXUPS: 27cbd 1f 62 34 3b 2b 3b 45 2b c 41 6b 56 36 c 2b 1c 17be a ffffd9f2
FIXUPS: 271fa 28 23 20 29 2f 1c 69 28 5f 54 21 128 1e 1b 33 2f 51 29 3c
FIXUPS: 276d8 1b 1c 6b 28 32 4f 18 1f 2aee 7 17 6b 20 ffffed78 10b 2a 18
FIXUPS: 292ee 16 2b 14 2e 18 18 7a 63 34 47 1e d 2f 15 11 1d 21 14 26 19d
FIXUPS: 297a6 19 6d3 31 16 f 17 37 19 92 18 20 62 a f3 12 24 f 1f 12 1e
FIXUPS: 2a232 f 1c 12 21 d a 13 16 13 28 14 15 346 20 8d 12 13 19 fffffdb6
FIXUPS: 2a553 78 fffffeb4 22 fffff37a 32 92 3f 6a 15 31 51 ba 3c 27 37
FIXUPS: 29b7d 3f 25 b2 65 ce 36 12 38 12c4 142 ba 31 1e 2a 1b 11d 25 122
FIXUPS: 2b61c 30 75 32 22 26 170 55 53 ffffef7d 108 10 3e 54 4b 28 fffffd5e
FIXUPS: 2a890 fffffd7d 12 1d 20 1d98 4a 94 2b fffff903 56 1e 13 22 fffffe07
FIXUPS: 2bce6 28 1f 29 26 17 12 1c fffffe2d 41 fffffdac fffff24b 34 24
FIXUPS: 2ad49 67 133 18 21 34 30 a8 1e6e 11b 21 4b 5d 17 b5 fffff92e 182
FIXUPS: 2cc2b fffffd2b a a fffffdaa 1c 77 3a 59 15 17 1d 14 13 14 1a 19
FIXUPS: 2c66f d 11 2f 25 fffffe6c 1373 32 64 140 2a 34 35 6b 12 29 43 5a
FIXUPS: 2dca9 33 3c 38 1c 1a 18 17 fffff895 ffffff54 fffffeb9 50 c 5a fffffe99
FIXUPS: 2d3d0 1e 17 13 fffffa66 1a50 2b 29 32 fffffee5 fffffd00 73 1c 1f
FIXUPS: 2e630 11 71 5f 1d c 47 fffffd5d 2b ffffff28 fffffc53 2bf 2d 2f
FIXUPS: 2deca 14 fffffef3 19 fffff884 28 19f 20 57 3784 53 66 53 25 23
FIXUPS: 30a46 2a 44 4b fffffe4d 2a 44 4b ffffe94d 191 19 de0 ffffe940 58
FIXUPS: 2ea51 17 24 2c 18 3f 10 70 10 55 fffffdd1 2f 31f4 12 5 25e 35 35
FIXUPS: 320af fffff67d 20 20 23 20 20 20 1d 20 20 2d fffffc35 37 fffff711
FIXUPS: 30c41 15d 19 18 c 25 15 3b 5b 52 6c 1fa5 93 20 68 82 10 30 10 30
FIXUPS: 3313b fffff74a a7 fffffa75 21 21 24 2a 23 fffffeb9 3a fffffda9
FIXUPS: 32111 7e c8 33 49 fffff648 23 5 111 43 107 1bf1 69 33 8c 34 fffffd5c
FIXUPS: 33664 fffffe38 27 f f 27 ffffff3e fffffe19 29 ffffffa0 17 fffff815
FIXUPS: 32a95 8c 14 26f 19 1c 13 2a 3a 10 13 16 26 1e 20a6 43 c 10 c fffff35c
FIXUPS: 34487 eb 1c8 8c 152 6d 238 13 fffff1f7 21 35 35 13a c 10 c 27 6c
FIXUPS: 33aa5 98 f6 fffffd3b 29 19 2c fffffd2e 25d3 4b 59 5a c 19 42 3c
FIXUPS: 35f25 19 28 c 21 fffff822 19 d9 13f 9e fffff9e4 70 4f 1df fffffaaa
FIXUPS: 351f3 ffffff4b fffffbe4 43 33 24 bd 2d 9b fffeb53c 14 37 23 c 25
FIXUPS: 20531 1a 7 3d 7 29 23 19 18 7 27 25 15 7 18 14 25 25 3690 1224e
FIXUPS: 35b84 45 29 3a 40 3e fffea466 24 2d 14 14 7 17405 13 f b fffe8c33
FIXUPS: 20265 20 1f 24 2b 14 172de 13 f b fffe8d63 20 27 24 2d 14 17214
FIXUPS: 37648 f b fffe8dfd 971 22 f c 6 17 8 3c 16 5d 1b cf c 1e a 15 8
FIXUPS: 1ff45 20 1b 24 2d 14 17560 13 f b fffe8ac6 26 16 61 20 847 15 15
FIXUPS: 20972 9 9 e c a 10 14 161 c 13 15 15 16 1e 9 d 19 c 9 9 8 1e 10
FIXUPS: 20d37 1e 49 10 15 318 13 ce 91 ae e e 11 e 11 11a 84 20 1a fffff1ec
FIXUPS: 2074b 13 1d 55 20 16e84 b fffe91e1 11 a f 16e0a b fffe922b 1a 16
FIXUPS: 20910 16de5 b fffea39c 16 16 42 26 f 14 14 15bad b fffea49c 1a
FIXUPS: 37745 b fffea4ce 16 2a b 52 1e 15a9c b fffea5af 1f f 92 4a 72 44
FIXUPS: 21f61 146 4b 1b 20 3a fffff3fd 47 2d 11 b3 33 39 14 2f 15 8 2c
FIXUPS: 217a8 5d 14 3d 48 16 2a b 52 36 15d54 b fffea30b 34 13 15d9a fffeac02
FIXUPS: 223d4 2a b 5c 1e 18 1533a c b fffead29 1e 30 152a2 c b fffeae1d
FIXUPS: 2264b 151dc b fffea984 3c 86 27 25 fffffd0b 18 43 2a 14 27 f34
FIXUPS: 22fcd e 9 9 b 25 fffff660 17 c 17 1c 1a 8 19d 21 12 c 1a 1c 1a
FIXUPS: 2294b 8 c 39 32 e fffff96d 1a 14 15432 c fffec5be fffff363 c a
FIXUPS: 2310e 10 67 a c 6c a 17 a fffff859 13 e8 24 1ad a f a 25 a 52 80
FIXUPS: 22eaa 3f 83 a 10 25 c 951 28 3f 20 18 b 33 15 1b 27 11 49 54 11
FIXUPS: 23b26 17 2e b 1b 1a 50 1a 13cc0 b fffec37e 16 2a b 52 1e 13bec
FIXUPS: 37910 fffeba44 2a b 52 36 14444 b fffebc4b 34 13 14393 b fffebd0c
FIXUPS: 235b2 16 42 26 f 14 14 1423d b fffebe15 56 36 19 11 27 44 14 26
FIXUPS: 238ad fffe6812 26 78 ce 35 31 17 10 29 17 10 67 38 83 10 37 13
FIXUPS: a497 b2 26 5f c 25 2f c 25 32 10 34 17 18bda 78 13511 fffd3335
FIXUPS: 9b94 31 10 41 f 22 13 18 13 1f 1a 2cba6 b fffd3537 a d 48 2a 5d
FIXUPS: 36885 c fffd364d 25 37 25 5a 2c8ec b c fffd37e8 fffff73a 13 b 13
FIXUPS: 981a 11 11 17 17 2cfba b fffd3074 c 11 18 3e 10 2c 10 84 12 13
FIXUPS: 9a16 17 17 18 b 15 11 2d 17 2cd73 fffd2d17 11 17 17 2d22a b fffd2e12
FIXUPS: 95f1 16 1f 1a 2d1a4 b fffd2e92 10 16 1f 1a 2d124 b fffd2f17 10
FIXUPS: 9747 e 10 16 b 11 e f f 10 fffffaf2 30 9 9 10 4f f 26 f 12 19 1f
FIXUPS: 940e 2d396 b fffd2ca7 10 11 e 10 16 b 11 e f f 10 b 13 b 13 b fffff8c3
FIXUPS: 8e4f 9 10 3d 10 30 10 90 10 41 12 18 b 15 11 21 21 17 2d6fa b fffd293b
FIXUPS: 90d7 9e 10 2c 10 94 9 17 30 9 fffff89f 12 b b 12 b 16 b 13 14 9
FIXUPS: 8bee 12 b b 12 b e d 8 15 16 1a 2dac9 b fffd25a0 24 1f 2f 13 13
FIXUPS: 8dfd fffffb83 b 16 b b 11 11 b 12 12 b b 12 b 16 b 13 14 9 b 12
FIXUPS: 8ab4 b 12 b e e b b 11 11 b fffffbd7 10 15 28 18 10 17 17 2df8f
FIXUPS: 3674f fffd20a7 15 c 14 18 c 2e 10 c 12 1b d f f 10 10 f 13 14 b
FIXUPS: 8967 e fffffa71 c c 26 1a 2e2c6 b fffd1d65 27 3a 9 17 34 11 9 1d
FIXUPS: 8599 11 9 1d 46 29 e 9 11 c c 11 17 2e07d b fffd1fc7 fffffb17 11
FIXUPS: 8230 b 12 e 9 b 11 b 11 b 11 12 16 b 11 b 12 15 9 b 11 b e 10 b
FIXUPS: 8399 b 12 e 10 fffffc64 12 b 12 e 9 b 11 b 11 b 11 12 16 b 11 b
FIXUPS: 8133 15 9 b 11 b e 10 b 12 b 12 e 13 b fffffc46 9 17 e f f 10 b
FIXUPS: 7ebc b 13 b 10 12 16 d f d a 12 16 d f d b 14 14 15 b 17 b 11 fffffc1d
FIXUPS: 7c5a 13 16 13 b f 1d b 11 e 10 13 13 e 10 b 11 e 10 b 10 f 10 b
FIXUPS: 7ddd b 13 b 11 e 10 fffff8fd 16 1a 2ef82 b fffd10aa 23 17 10 36
FIXUPS: 782a 9 11 6 13 1d 23 3c 23 13 38 d 2d 10 161 10 2b c d d6 7 11
FIXUPS: 74aa 9 21 20 9 29 9 1d c 9 6 f 29 9 26 2a 2f0cc b fffd0f77 10 9
FIXUPS: 7674 9 15 17 f 1a f b 8 1a 10 2ef91 fffd0845 10 35 18 34 17 9e
FIXUPS: 7057 eb 18 37 2b 46 d 43 d 80 10 32 b 17 35 17 4d 1a 21 10 c 19
FIXUPS: 745f 1f fffff3f5 12 103 1d 43 1d c9 2f 3e 10 3a 17 39 17 3d 1b
FIXUPS: 6c61 34 d 37 17 35 d 48 f f f 1c 2c 19 17 2f885 fffcfdd3 1a 13
FIXUPS: 64b3 18 8 1a 13 d 3e 1a 11 1a d 34 d 63 11 a d b2 30 22 4c 13 11
FIXUPS: 67ef 19 1c 13 11 12 fffff402 14 4c 14 3d7 d a3 d 39 d 43 d 40 11
FIXUPS: 625f e 11 14 d 86 24 36 17 302ef c fffcfd6a 18 8 1a 13 f 18 fffff337
FIXUPS: 57c4 2d 1e 2d 1e 2d 1e 30 29 29 29 1c 1c 29 1c 1c 29 1c 1c 36 1c
FIXUPS: 5ab8 22 22 19 18 17 9 11 1e 10 fffff801 a 11 13 16 17 a f 3a 14
FIXUPS: 545f d 3f d 32 45 1f 1e 2d 1e 2d 1e 2d 1e 2d 1e 2d 1e 2d 1e 2d
FIXUPS: 5779 fffff924 11 13 23 17 d 12 45 13 22 17 d 11 13 23 17 d 11 13
FIXUPS: 526a 17 d 12 43 f 13 16 17 a 11 13 16 fffff948 1c 1a 1d 27 30 1d
FIXUPS: 4dac 2c 1d 27 23 3c 11 10 11 11 10 d 76 20 22 19 2d 13 22 17 d
FIXUPS: 5043 13 23 17 fffff91f a 1c 31c73 c fffce3dd b 11 11 10 a 10 a
FIXUPS: 4aa2 c 14 7 23 b 36 27 23 31aee c fffce555 f f 1e 18 18 13 52 fffff9d4
FIXUPS: 36625 c fffce099 c 2c 9 8 9 11 10 15 15 15 52 19 1f 23 1f 7 30
FIXUPS: 48c1 15 11 22 13 11 20 a 14 13 11 fffff879 2b d 52 16 17 d 5c 23
FIXUPS: 436c d 5e 23 20 d 5b 1e 1b d 5d 2b b 22 7 17 3206a c fffcdfe4 2b
FIXUPS: 462b 22 7 fffff920 14 23 7 b 26 17 a 14 13 14 23 7 b 26 17 a 14
FIXUPS: 40e2 14 23 7 b 26 17 a 1c 1a 3242d b b c fffcd709 b 26 17 a 14
FIXUPS: 3d79 14 23 7 b 26 17 a 14 13 14 23 7 b 26 17 a 1c 1a 326af b b
FIXUPS: 365c7 fffcd983 8 f fffffb7f d 21 32a19 c c c b fffcd613 b b f 14
FIXUPS: 3bab 11 15 11 11 f f 12 17 3292d c c c b fffcd70a f 13 14 23 327d2
FIXUPS: 364d6 fffcd393 b b 13 12 f f 25 18 51 d d d 21 32b4f c c c b fffcd4d3
FIXUPS: 39f4 b 13 12 f f 20 13 51 d fffffaeb d d d 21 32e61 c c c b fffcd19b
FIXUPS: 3644 13 3a d 4b b b 13 12 f f 25 19 51 d d d 21 32c8e c c fffd4588
FIXUPS: aa78 d 33 d 32 16 d 3d 16 d 3d 1f d 34 1f d 34 1f d 104 e 16 ffff871e
FIXUPS: 34f4 b 13 12 f f 1c f 8e88 61 35 5e 26 85 16 ffffe1e4 1a 21 2c0fb
FIXUPS: 368cf fffd3f32 13 13 53 14 1a 21 2c01b b fffd4037 1a 21 2bfa3 b
FIXUPS: a9be 1a 21 2bf2b b fffd410b 1436 2abb5 c fffd5512 d 31 19 40 d
FIXUPS: c041 13 13 af a d 3c d 2b d 33 13 13 57 25 37 25 5a 2a70c b c fffd5958
FIXUPS: c3cf 2a5a1 b b b b b b b b b e c fffd51be f 20 27 1b 3b d 4a 2e
FIXUPS: bd01 d 2e 25 20 2ac84 b c fffd53e2 2c 25 fffff7a3 a 32 34 4d a
FIXUPS: b6eb 34 4f a 32 34 4d a 32 34 4f a 32 34 4d 19 36 34 7 2d 34 10
FIXUPS: bad8 34 31 2ae28 fffd4714 e 1b a 23 2a 2f b 9 d 50 19 d 4a 20 27
FIXUPS: b269 79 18 89 36 34 c 36 34 15 38 34 4f a 32 34 185f 7 e 17 7 e
FIXUPS: ce5a 7 e 3d 7 e 17 7 e 17 7 e 17 7 e 10 ffffdf8f 37 36 13 13 8a
FIXUPS: b01f 17 2b911 b fffd62b2 e 1a 7 e 1a 7 e 1a 7 e 1a 7 e 1a 7 e 1a
FIXUPS: cd1e e 1a 7 e 1a 7 e 1a 7 e 1a 7 e fffff921 23 30 5f 26 2d 41 2d
FIXUPS: c8c1 24 31 30 3f 18 5 13 14 14 e 1b 55 56 2e 29f89 e e c fffd6089
FIXUPS: cb1f d 57 7a 6a63 d 48 2a 5d 234b9 c fffdcb85 a d a4 13 13 3a 13
FIXUPS: 138c7 b5 12 26 55 26 75 1b 26 54 26 ffff8b0a 7 d 5a 5 1e 671d 19
FIXUPS: 12e49 19 19 19 19 19 19 19 19 19 19 16 16 16 16 16 d 39 42 1a 23b65
FIXUPS: 36bc4 fffdc8ec 30 24 d 1c 236a8 c fffdca75 fffff4a1 19 19 19 19
FIXUPS: 12b74 19 19 19 19 19 19 19 19 19 19 19 19 19 19 19 19 19 19 19
FIXUPS: 12d68 19 19 19 19 19 19 fffff9d9 19 19 19 19 19 19 19 19 19 19
FIXUPS: 128ea 19 19 19 19 19 19 19 19 19 19 19 19 19 19 19 19 19 19 19
FIXUPS: 12ade fffff9d9 19 19 19 19 19 19 19 19 19 19 19 19 19 19 19 19
FIXUPS: 12660 19 19 19 19 19 19 19 19 19 19 19 19 19 19 fffff5b5 2e d 5d
FIXUPS: 11e2a 2d 9 16 a 20 24cf5 c fffdb366 21 d 45 4d 21 27 e d 5c 4a
FIXUPS: 12119 3a 1a 5b 41 27 10 245 19 fffff234 1c d9 24 10 1a e 14 e 14
FIXUPS: 11876 e 1a 3c 8 13 26 1e c 3d 25 17 28 25 10 1f3 41 53 2b 27 17
FIXUPS: 11d66 fffff50f 15 62 b 1c 2f 1c 14 20 24 22 f 22 d 4f 15 62 b 13
FIXUPS: 1151f 1c b 16 24 22 f 22 d 44 d 3d d fffff6bd 2f 18 19 31 24 2b
FIXUPS: 10e2b 22 10 9d d b4 15 62 b 13 25 1c b 25 18 19 31 24 2b 13 22
FIXUPS: 111b7 3a 13 13 fffff561 f 22 d 1bf 15 62 b 13 25 1c b 16 24 22
FIXUPS: 10ac1 22 d 31 19 40 d 2a 13 13 64 15 62 b 1c 2f 1c fffff536 3e
FIXUPS: 102aa d 12 9b 27 10 47 b 2d 61 10 32 12 d 33 27 10 30 2e 1f 52
FIXUPS: 1062a 62 b 1c 2f 1c 14 20 24 ffffefda 1a 25 d 8b 1a 26 d 4e 5a
FIXUPS: f97f d2 74 8e 26 26 c1 74 a2 25 26 84 a1 83 b6 42 f3 26 16 2f 5c
FIXUPS: 1024a ffffeaf8 21 f 4a 5e 2a 27 d 4e 45 2e 2d 38 d 30 5b 59 d9
FIXUPS: f18b 26 16 2a 55 59 dc 2d 25 1c 35 5e 4f 4f fffff29d 19 f 38 19
FIXUPS: e83f 3c 11 d 42 d 43 d c6 9 d 84 10 29 d 54 16 40 22 8 58 1e 26
FIXUPS: ec5b 58 27 48 fffff637 287cc b b c fffd7857 d 7d 27 35 26 17 17
FIXUPS: 36b55 c fffd79f7 2b 35 26 17 17 28569 c fffd7aca 7 d 38 d 37 d
FIXUPS: e727 d fffff4db 63 27 3b 27 8 a9 37 36 20 27 2a 5b 5e 29 13 38
FIXUPS: e041 37 36 30 2a 79 12 39 29 4f 29 19 2f 13 77 fffff3b2 63 d 63
FIXUPS: d7d1 63 d 4b 31 27 f 16 18 1a 20 34 36 20 11 1a 17 22 1a 22 12
FIXUPS: daf2 27 29 27 2d 27 2b fffff735 26 27 2e 27 21 296ca f f b fffd693e
FIXUPS: d424 13 6b 21 3c 30 12 12 12 15 17 29559 f f b fffd6ade d 63 f
FIXUPS: d67d 67 6f5e 11 d d e8 9c d 19 17 17 17 d 10e a7 d d ffff8604 e
FIXUPS: d05f 12 12 e e 1d 1c 7 6e 76 23 26 c5 25 82c8 1d 1f 10 2da d 5b
FIXUPS: 1595e 26 ffffe210 14 44 35 13 13 56 10 34 7 3f 4d 1a 73 3d d ef
FIXUPS: 13fc9 d e4 8f d 2a9 22843 fffde542 17 13 f 5c 20 38 106 17 17 f
FIXUPS: 153d9 17 17 f 25 17 17 f d d 1b 1d 2d 22 1d b 22 12 1f 12 fffff7d7
FIXUPS: 14d97 12 d 71 d 54 1c 20 29 1a 1e 14 e e 14 e 1a d 11 15 f 14 b
FIXUPS: 14ffd d 11 f 45 21 1a 21b8d fffdf255 71 1d d 33 2d 1d 20cf1 c fffdf347
FIXUPS: 15ff5 2c 13 13 ffffea80 1d 5a 1c 17 30 17 3b 1a 26 2e 13 13 5f
FIXUPS: 14cfb 17 21f08 b fffdf9af 7 d 47 8 20 2d 21 7 1b d 17 d fffff2e6
FIXUPS: 15ad4 1d d 33 2d 1d 210da c fffdef7c 102 1d d 33 2d 1d 20eef c
FIXUPS: 15dd7 20f1d 9 b fffdf64e 21 15 13 f 1a 2094c 9 b fffdf6d9 d 4b
FIXUPS: 1646d 1d d 7 e 2c 17 27 1f 13 1c 6 7 17 207ad c fffdf88e f58 27
FIXUPS: 1755b 47 16 26 d ffffeabb 29 15 13 f 1a 20b94 9 b fffdf489 13 13
FIXUPS: 161d3 f 17 20adb b fffdf552 d 58 1d 15 13 f 1a e30 1d d 7 e 2c
FIXUPS: 171b6 27 23 68 1d d 7 e 2c 17 27 26 1fafe b c fffe057d d 33 d 34
FIXUPS: 17457 32 d 34 d 3b fffff8e1 1a 1fff7 9 f b fffe002c c 19 11 16
FIXUPS: 16eb1 14 1a 8 5 7 a 17 64 45 22 b a 8 10 38 6 7 d 4d d fffffa51
FIXUPS: 16b24 18 1a 2024e 9 f b fffdfde0 f e e 2e c 13 3e 1b 18 1a 2012a
FIXUPS: 36ddd f b fffdff14 f e e 2e c 13 3d 1b 1ea7 15 d 3e 12 d ffffdb6b
FIXUPS: 1687e e e 2e c f 2a 20447 f b fffdfbd3 13 13 5c f 17 2039b b fffdfcc4
FIXUPS: 16a62 e e 2e c 13 204ca c fffe197a 1d d 7 b 32 2a 17 27 26 1e59e
FIXUPS: 36fc1 fffe1aba 1d d 7 b 32 2a 17 27 26 1e45e c fffe1be1 15 d 3e
FIXUPS: 18c34 d fffff8e4 7 b 32 2a 17 27 26 1e95e c fffe16fa 1d d 7 b 32
FIXUPS: 186f3 17 27 26 1e81e c fffe183a 1d d 7 b 32 2a 17 27 26 fffff8bc
FIXUPS: 1818a 27 26 1ed1e c fffe133a 1d d 7 b 32 2a 17 27 26 1ebde c fffe147a
FIXUPS: 183b8 d 7 b 32 2a 17 27 26 1ea9e c fffe15ba 1d fffff8a2 d 54 1d
FIXUPS: 17e45 7 b 32 2a 17 27 26 1ef9e c fffe10ba 1d d 7 b 32 2a 17 27
FIXUPS: 18077 1ee5e c fffe11fa 1d d 7 b 32 fffff7fe c 38 28 24 1f4bd b
FIXUPS: 17a1e 1d 13 23 23 11 c 17 6e 4c 17 d 56 17 d 75 14 11 9 9 29 3b
FIXUPS: 17d67 24 25 1f287 b fffe1f46 d ffffe6b7 12 e 13 c 38 28 24 1f745
FIXUPS: 36e5f fffe08e2 13 13 3a d 52 12 e 13 c 38 28 24 1f5b1 b fffe0a95
FIXUPS: 17926 e 2cde d 43 d 6a d 91 f 17 1ca27 b fffe360d 10 ffffe55f 29
FIXUPS: 18d95 1e262 b fffe1dbf 13 13 3d b d 4f 28 21 1e143 b fffe1f07 12
FIXUPS: 18f52 11cf 17 23 d 29 75 d 6a c 1f 21 15 8 41 1d 26 26 d d 73 c
FIXUPS: 1a448 21 15 41 1d 26 26 d d 5f 2b fffff7b2 7 b 2c 17 27 1d 1d d
FIXUPS: 19e48 b 2c 17 27 26 1d2a2 b c fffe2d8f d 9c 1d d 7 b 22 7 17 1d155
FIXUPS: 371b1 fffe2f1f d fffff923 17 10 9 1e 2f 20 1d 31 3c 7 24 36 7 24
FIXUPS: 19bf2 7 24 3f 7 24 3f 1a 1d455 a a b b b c fffe2bde 1d fffff7c8
FIXUPS: 1954b 1a 1db7f 9 f b fffe24c4 15 19 11 f 17 1dae4 b fffe2567 14
FIXUPS: 196b3 4c 16 1b d 52 18 b8 23 d ae 1c 2b 1c d fffff7e6 40 12 2c
FIXUPS: 19253 c 12 12 1a 1dde7 9 f b fffe2250 40 12 2c 42 c 12 12 1a 1dcb3
FIXUPS: 370bd f b fffe2384 40 12 2c 42 c 24c2 2a 17 27 26 1b94e c fffe470a
FIXUPS: 1baf8 d 7 b 32 2a 17 27 26 1b80e c fffe1beb 40 12 2c 42 c 21 1df8b
FIXUPS: 37063 b fffe2093 13 13 2530 1bd0e c fffe434a 1d d 7 b 32 2a 17
FIXUPS: 1b791 26 1bbce c fffe448a 1d d 7 b 32 2a 17 27 26 1ba8e c fffe45ca
FIXUPS: 1b998 d 7 b fffff901 d 7 b 32 2a 17 27 26 1bf8e c fffe40ca 1d d
FIXUPS: 1b42c b 32 2a 17 27 26 1be4e c fffe420a 1d d 7 b 32 2a 17 27 fffff8b8
FIXUPS: 1af13 17 27 26 1c34e c fffe3d0a 1d d 7 b 32 2a 17 27 26 1c20e c
FIXUPS: 1b13b 1d d 7 b 32 2a 17 27 26 1c0ce c fffe3f8a fffff96b 1a 1c644
FIXUPS: 3726d f b fffe39f4 f e e 17 c 12 52 1b 1a 1c532 9 f b fffe3af2
FIXUPS: 1adb7 11 c 2f 12 d 59 1d d 7 b 1c33c b fffe36e3 13 13 5c f 17 1c88b
FIXUPS: 3721f fffe37d4 f e e 17 c 13 53 1b 1a 1c758 9 f b fffe38e0 f e
FIXUPS: 1ab62 17 c 13 53 13eb a d 8c d 2b d 33 13 13 57 25 37 25 5a 1b1dc
FIXUPS: 37430 c fffe4e7a 35 5e 26 a9 13 ffffe411 12 e e 17 c 21 1c936 fffe6907
FIXUPS: 1db20 66 35 40 d ffffe00c 1d 10 30 13 13 4f b d 4d 2b 2a 17 1b64e
FIXUPS: 37411 fffe49e3 d 33 d 30 19 40 d 2a 13 13 1402 1a13c b c fffe5f17
FIXUPS: 1d3ac 20 3a 2a 48 1a00d c fffe603d 1f 8c 1b 1f 72 33 e4 1b 32 80
FIXUPS: 1d824 32 35 d 46 28 7a 22 7b fffff3bc 8 d 33 35 2f b 8 28 35 b
FIXUPS: 1cf20 10 31 b 8 28 35 b 8 28 35 35 ff 2a 5d 1a249 c fffe5dfd 25
FIXUPS: 1d2aa 25 fffff774 4b 77 30 2c 28 8 9 d 3a 28 8 9 d 3a 2c 8 9 d
FIXUPS: 1cce5 8 8 d 33 8 8 d 2f 8 8 d 33 16b1 21 ffffdfbe 41 33 41 78 11
FIXUPS: 1c5ac 26 d 6c 11 d 22 d 86 11 10 26 d 69 11 10 22 d 70 36 6a 11
FIXUPS: 1c964 ce 163d 1e 1e 1d 1e 1e 1d 94 18 19 21 15 15 12 18 19 21 15
FIXUPS: 1e2bf 12 18 19 21 15 15 13 44 30 e 22 40 30 1681 74 d 5a 1c 1d
FIXUPS: 1fc16 3c 3f 14 2b d 3c 3f 14 b 19 1f 1d 1772b d e c fffe67e3 1f
FIXUPS: 1de56 1f 131 1f 51 1e 1e 145b 22 d 3c 3f 24 10 3b 51 2e 33 42 24
FIXUPS: 1f704 c7 43 41 64 7b 4d 9b 12 1a 17a65 d e e e c fffe85c0 27 11
FIXUPS: 1ef2f 53 35 24 10 5b 2e 72 10 25 10 11 d 51 4c 8 d 65 1c 1d d 3c
FIXUPS: 1f321 14 2b d 3c 3f 14 29 d 3c fffff531 d 41 16 82 1e 19 30 2d
FIXUPS: 1eb3c d ac 1b 63 2a 1b 9 25 2b 35 24 10 4b 4b c d c 1f 13 69 2a
FIXUPS: 1ef0a fffe2722 9d d 3b d 1ce69 e 61 2a 31 13 13 40 e 5f 2a 39 e
FIXUPS: 1e7ae 39 e 19 39 e 35 b 10 32 e 35 f 10 1799c b c fffcaf47 a 1c
FIXUPS: 126c 17 1c b a 17 1c b a 8 10 30 6 7 d 195 d 34 d 32 d 34 d 41
FIXUPS: 1613 c 332 13 13 67 12 7 9 20 2a 12 a 24 37 7 1a 34815 d c fffcad15
FIXUPS: 1045 2c 13 13 43 d 41 29 24 a 2f 24 17 114d 35 7 a d 59 2a 1e 1b
FIXUPS: 245c d 42 2c 22 2e 22 12 22 10 fffff22c 5 d 33 d 33 10 30 d 36
FIXUPS: 18ce 33 19 751 1c b a 17 1c b a 8 13 a 1f 13 17 1c b a 17 1f b
FIXUPS: 21ce 8 10 2e 6 7 d c1 23 6 7 a fffff9a3 3e 3463a b fffcba0d a 29
FIXUPS: 1db8 f 3a a 38 1b 26 27 13 35 32 2e 13 4b 11 11 1a 34378 b a a
FIXUPS: 3638e b fffcbca8 13 110c 19 18 21 24 1a 1f 18 10 3e 1d 22 d 3c
FIXUPS: 330a 37 2b 46 d 43 d ffffe75b 12 3e 3476a b fffcb8c2 13 13 3a d
FIXUPS: 1cba 1111 17 1c b a 17 1f b a 8 10 2e 6 7 d ca 23 6 7 a 22 18 10
FIXUPS: 304b 7 a d 62 2a 19 18 22 fffffa05 2e 13 4b 11 11 7 24 3f 1a 33786
FIXUPS: 3640f a a a a a c fffcc884 13 17 1c b a 17 1c b a 8 13 a 1f fffff972
FIXUPS: 273c e 3e 33c1c b fffcc402 13 13 5c f 17 33b6b b fffcc4eb 12 e
FIXUPS: 2918 33acc b fffcc57d a 38 20 1d 29 13 3e 32 2d 13 44
